Archive member included to satisfy reference by file (symbol)

c:/program files (x86)/gnu arm embedded toolchain/10 2020-q4-major/bin/../lib/gcc/arm-none-eabi/10.2.1/../../../../arm-none-eabi/lib/thumb/v7e-m+fp/hard\libc_nano.a(lib_a-exit.o)
                              c:/program files (x86)/gnu arm embedded toolchain/10 2020-q4-major/bin/../lib/gcc/arm-none-eabi/10.2.1/../../../../arm-none-eabi/lib/thumb/v7e-m+fp/hard/crt0.o (exit)
c:/program files (x86)/gnu arm embedded toolchain/10 2020-q4-major/bin/../lib/gcc/arm-none-eabi/10.2.1/../../../../arm-none-eabi/lib/thumb/v7e-m+fp/hard\libc_nano.a(lib_a-impure.o)
                              c:/program files (x86)/gnu arm embedded toolchain/10 2020-q4-major/bin/../lib/gcc/arm-none-eabi/10.2.1/../../../../arm-none-eabi/lib/thumb/v7e-m+fp/hard\libc_nano.a(lib_a-exit.o) (_global_impure_ptr)
c:/program files (x86)/gnu arm embedded toolchain/10 2020-q4-major/bin/../lib/gcc/arm-none-eabi/10.2.1/../../../../arm-none-eabi/lib/thumb/v7e-m+fp/hard\libc_nano.a(lib_a-init.o)
                              c:/program files (x86)/gnu arm embedded toolchain/10 2020-q4-major/bin/../lib/gcc/arm-none-eabi/10.2.1/../../../../arm-none-eabi/lib/thumb/v7e-m+fp/hard/crt0.o (__libc_init_array)
c:/program files (x86)/gnu arm embedded toolchain/10 2020-q4-major/bin/../lib/gcc/arm-none-eabi/10.2.1/../../../../arm-none-eabi/lib/thumb/v7e-m+fp/hard\libc_nano.a(lib_a-memcpy-stub.o)
                              _build/nrf52840_xxaa/nrf_memobj.c.o (memcpy)
c:/program files (x86)/gnu arm embedded toolchain/10 2020-q4-major/bin/../lib/gcc/arm-none-eabi/10.2.1/../../../../arm-none-eabi/lib/thumb/v7e-m+fp/hard\libc_nano.a(lib_a-memset.o)
                              c:/program files (x86)/gnu arm embedded toolchain/10 2020-q4-major/bin/../lib/gcc/arm-none-eabi/10.2.1/../../../../arm-none-eabi/lib/thumb/v7e-m+fp/hard/crt0.o (memset)
c:/program files (x86)/gnu arm embedded toolchain/10 2020-q4-major/bin/../lib/gcc/arm-none-eabi/10.2.1/../../../../arm-none-eabi/lib/thumb/v7e-m+fp/hard\libc_nano.a(lib_a-printf.o)
                              _build/nrf52840_xxaa/main.c.o (printf)
c:/program files (x86)/gnu arm embedded toolchain/10 2020-q4-major/bin/../lib/gcc/arm-none-eabi/10.2.1/../../../../arm-none-eabi/lib/thumb/v7e-m+fp/hard\libc_nano.a(lib_a-strlen.o)
                              _build/nrf52840_xxaa/nrf_fprintf_format.c.o (strlen)
c:/program files (x86)/gnu arm embedded toolchain/10 2020-q4-major/bin/../lib/gcc/arm-none-eabi/10.2.1/../../../../arm-none-eabi/lib/thumb/v7e-m+fp/hard\libc_nano.a(lib_a-findfp.o)
                              c:/program files (x86)/gnu arm embedded toolchain/10 2020-q4-major/bin/../lib/gcc/arm-none-eabi/10.2.1/../../../../arm-none-eabi/lib/thumb/v7e-m+fp/hard\libc_nano.a(lib_a-printf.o) (__sinit)
c:/program files (x86)/gnu arm embedded toolchain/10 2020-q4-major/bin/../lib/gcc/arm-none-eabi/10.2.1/../../../../arm-none-eabi/lib/thumb/v7e-m+fp/hard\libc_nano.a(lib_a-fwalk.o)
                              c:/program files (x86)/gnu arm embedded toolchain/10 2020-q4-major/bin/../lib/gcc/arm-none-eabi/10.2.1/../../../../arm-none-eabi/lib/thumb/v7e-m+fp/hard\libc_nano.a(lib_a-findfp.o) (_fwalk)
c:/program files (x86)/gnu arm embedded toolchain/10 2020-q4-major/bin/../lib/gcc/arm-none-eabi/10.2.1/../../../../arm-none-eabi/lib/thumb/v7e-m+fp/hard\libc_nano.a(lib_a-lock.o)
                              c:/program files (x86)/gnu arm embedded toolchain/10 2020-q4-major/bin/../lib/gcc/arm-none-eabi/10.2.1/../../../../arm-none-eabi/lib/thumb/v7e-m+fp/hard\libc_nano.a(lib_a-findfp.o) (__retarget_lock_init_recursive)
c:/program files (x86)/gnu arm embedded toolchain/10 2020-q4-major/bin/../lib/gcc/arm-none-eabi/10.2.1/../../../../arm-none-eabi/lib/thumb/v7e-m+fp/hard\libc_nano.a(lib_a-nano-mallocr.o)
                              c:/program files (x86)/gnu arm embedded toolchain/10 2020-q4-major/bin/../lib/gcc/arm-none-eabi/10.2.1/../../../../arm-none-eabi/lib/thumb/v7e-m+fp/hard\libc_nano.a(lib_a-findfp.o) (_malloc_r)
c:/program files (x86)/gnu arm embedded toolchain/10 2020-q4-major/bin/../lib/gcc/arm-none-eabi/10.2.1/../../../../arm-none-eabi/lib/thumb/v7e-m+fp/hard\libc_nano.a(lib_a-nano-vfprintf.o)
                              c:/program files (x86)/gnu arm embedded toolchain/10 2020-q4-major/bin/../lib/gcc/arm-none-eabi/10.2.1/../../../../arm-none-eabi/lib/thumb/v7e-m+fp/hard\libc_nano.a(lib_a-printf.o) (_vfprintf_r)
c:/program files (x86)/gnu arm embedded toolchain/10 2020-q4-major/bin/../lib/gcc/arm-none-eabi/10.2.1/../../../../arm-none-eabi/lib/thumb/v7e-m+fp/hard\libc_nano.a(lib_a-nano-vfprintf_i.o)
                              c:/program files (x86)/gnu arm embedded toolchain/10 2020-q4-major/bin/../lib/gcc/arm-none-eabi/10.2.1/../../../../arm-none-eabi/lib/thumb/v7e-m+fp/hard\libc_nano.a(lib_a-nano-vfprintf.o) (_printf_i)
[...]
Memory Configuration

Name             Origin             Length             Attributes
FLASH            0x00000000         0x00100000         xr
RAM              0x20000000         0x00040000         xrw
*default*        0x00000000         0xffffffff

Linker script and memory map


.text           0x00000000     0x2820
 *(.isr_vector)
 .isr_vector    0x00000000      0x200 _build/nrf52840_xxaa/gcc_startup_nrf52840.S.o
                0x00000000                __isr_vector
 *(.text*)
 .text          0x00000200       0x40 c:/program files (x86)/gnu arm embedded toolchain/10 2020-q4-major/bin/../lib/gcc/arm-none-eabi/10.2.1/thumb/v7e-m+fp/hard/crtbegin.o
 .text          0x00000240       0x7c c:/program files (x86)/gnu arm embedded toolchain/10 2020-q4-major/bin/../lib/gcc/arm-none-eabi/10.2.1/../../../../arm-none-eabi/lib/thumb/v7e-m+fp/hard/crt0.o
                0x00000240                _stack_init
                0x00000248                _start
                0x00000248                _mainCRTStartup
 .text          0x000002bc       0x3c _build/nrf52840_xxaa/gcc_startup_nrf52840.S.o
                0x000002bc                Reset_Handler
                0x000002e4                NMI_Handler
                0x000002e6                HardFault_Handler
                0x000002e8                MemoryManagement_Handler
                0x000002ea                BusFault_Handler
                0x000002ec                UsageFault_Handler
                0x000002ee                SVC_Handler
                0x000002f0                DebugMon_Handler
                0x000002f2                PendSV_Handler
                0x000002f4                SysTick_Handler
                0x000002f6                SWI0_EGU0_IRQHandler
                0x000002f6                POWER_CLOCK_IRQHandler
                0x000002f6                RADIO_IRQHandler
                0x000002f6                PDM_IRQHandler
                0x000002f6                TEMP_IRQHandler
                0x000002f6                QDEC_IRQHandler
                0x000002f6                TIMER3_IRQHandler
                0x000002f6                PWM3_IRQHandler
                0x000002f6                FPU_IRQHandler
                0x000002f6                USBD_IRQHandler
                0x000002f6                SPIM0_SPIS0_TWIM0_TWIS0_SPI0_TWI0_IRQHandler
                0x000002f6                GPIOTE_IRQHandler
                0x000002f6                PWM1_IRQHandler
                0x000002f6                CRYPTOCELL_IRQHandler
                0x000002f6                RTC0_IRQHandler
                0x000002f6                SWI4_EGU4_IRQHandler
                0x000002f6                TIMER0_IRQHandler
                0x000002f6                SWI2_EGU2_IRQHandler
                0x000002f6                UARTE1_IRQHandler
                0x000002f6                TIMER1_IRQHandler
                0x000002f6                SPIM3_IRQHandler
                0x000002f6                PWM2_IRQHandler
                0x000002f6                ECB_IRQHandler
                0x000002f6                SPIM1_SPIS1_TWIM1_TWIS1_SPI1_TWI1_IRQHandler
                0x000002f6                Default_Handler
                0x000002f6                SAADC_IRQHandler
                0x000002f6                CCM_AAR_IRQHandler
                0x000002f6                WDT_IRQHandler
                0x000002f6                TIMER4_IRQHandler
                0x000002f6                SWI5_EGU5_IRQHandler
                0x000002f6                RNG_IRQHandler
                0x000002f6                RTC2_IRQHandler
                0x000002f6                PWM0_IRQHandler
                0x000002f6                SWI3_EGU3_IRQHandler
                0x000002f6                RTC1_IRQHandler
                0x000002f6                SWI1_EGU1_IRQHandler
                0x000002f6                SPIM2_SPIS2_SPI2_IRQHandler
                0x000002f6                NFCT_IRQHandler
                0x000002f6                I2S_IRQHandler
                0x000002f6                MWU_IRQHandler
                0x000002f6                TIMER2_IRQHandler
                0x000002f6                QSPI_IRQHandler
                0x000002f6                COMP_LPCOMP_IRQHandler
 .text.bsp_board_init
                0x000002f8       0x60 _build/nrf52840_xxaa/boards.c.o
                0x000002f8                bsp_board_init
 .text.app_error_handler_bare
                0x00000358       0x20 _build/nrf52840_xxaa/app_error.c.o
                0x00000358                app_error_handler_bare
 .text.app_error_fault_handler
                0x00000378       0x30 _build/nrf52840_xxaa/app_error_weak.c.o
                0x00000378                app_error_fault_handler
 .text.app_fifo_init
                0x000003a8       0x20 _build/nrf52840_xxaa/app_fifo.c.o
                0x000003a8                app_fifo_init
 .text.app_fifo_put
                0x000003c8       0x30 _build/nrf52840_xxaa/app_fifo.c.o
                0x000003c8                app_fifo_put
 .text.app_fifo_get
                0x000003f8       0x2c _build/nrf52840_xxaa/app_fifo.c.o
                0x000003f8                app_fifo_get
 .text.uart_event_handler
                0x00000424      0x120 _build/nrf52840_xxaa/app_uart_fifo.c.o
 .text.app_uart_init
                0x00000544       0xe8 _build/nrf52840_xxaa/app_uart_fifo.c.o
                0x00000544                app_uart_init
 .text.app_uart_get
                0x0000062c       0x58 _build/nrf52840_xxaa/app_uart_fifo.c.o
                0x0000062c                app_uart_get
 .text.app_uart_put
                0x00000684       0x74 _build/nrf52840_xxaa/app_uart_fifo.c.o
                0x00000684                app_uart_put
 .text.app_util_critical_region_enter
                0x000006f8       0x10 _build/nrf52840_xxaa/app_util_platform.c.o
                0x000006f8                app_util_critical_region_enter
 .text.app_util_critical_region_exit
                0x00000708       0x14 _build/nrf52840_xxaa/app_util_platform.c.o
                0x00000708                app_util_critical_region_exit
 .text._write   0x0000071c       0x1c _build/nrf52840_xxaa/retarget.c.o
                0x0000071c                _write
 .text._read    0x00000738       0x14 _build/nrf52840_xxaa/retarget.c.o
                0x00000738                _read
 .text.uarte_evt_handler
                0x0000074c       0x34 _build/nrf52840_xxaa/nrf_drv_uart.c.o
 .text.uart_evt_handler
                0x00000780       0x34 _build/nrf52840_xxaa/nrf_drv_uart.c.o
 .text.nrf_drv_uart_init
                0x000007b4       0x78 _build/nrf52840_xxaa/nrf_drv_uart.c.o
                0x000007b4                nrf_drv_uart_init
 .text.UARTE0_UART0_IRQHandler
                0x0000082c        0xc _build/nrf52840_xxaa/nrfx_prs.c.o
                0x0000082c                UARTE0_UART0_IRQHandler
 .text.nrfx_prs_acquire
                0x00000838       0x3c _build/nrf52840_xxaa/nrfx_prs.c.o
                0x00000838                nrfx_prs_acquire
 *fill*         0x00000874        0x4 
 .text.nrfx_uart_0_irq_handler
                0x00000878      0x1d0 _build/nrf52840_xxaa/nrfx_uart.c.o
                0x00000878                nrfx_uart_0_irq_handler
 .text.nrfx_uart_init
                0x00000a48      0x1ec _build/nrf52840_xxaa/nrfx_uart.c.o
                0x00000a48                nrfx_uart_init
 .text.nrfx_uart_tx
                0x00000c34       0xd8 _build/nrf52840_xxaa/nrfx_uart.c.o
                0x00000c34                nrfx_uart_tx
 .text.nrfx_uart_tx_in_progress
                0x00000d0c       0x18 _build/nrf52840_xxaa/nrfx_uart.c.o
                0x00000d0c                nrfx_uart_tx_in_progress
 .text.nrfx_uart_rx
                0x00000d24      0x15c _build/nrf52840_xxaa/nrfx_uart.c.o
                0x00000d24                nrfx_uart_rx
 .text.nrfx_uarte_0_irq_handler
                0x00000e80      0x178 _build/nrf52840_xxaa/nrfx_uarte.c.o
                0x00000e80                nrfx_uarte_0_irq_handler
 .text.nrfx_uarte_init
                0x00000ff8      0x21c _build/nrf52840_xxaa/nrfx_uarte.c.o
                0x00000ff8                nrfx_uarte_init
 .text.nrfx_uarte_tx
                0x00001214       0xb0 _build/nrf52840_xxaa/nrfx_uarte.c.o
                0x00001214                nrfx_uarte_tx
 .text.nrfx_uarte_tx_in_progress
                0x000012c4       0x1c _build/nrf52840_xxaa/nrfx_uarte.c.o
                0x000012c4                nrfx_uarte_tx_in_progress
 .text.nrfx_uarte_rx
                0x000012e0      0x138 _build/nrf52840_xxaa/nrfx_uarte.c.o
                0x000012e0                nrfx_uarte_rx
 .text.uart_error_handle
                0x00001418       0x14 _build/nrf52840_xxaa/main.c.o
                0x00001418                uart_error_handle
 .text.startup.main
                0x0000142c       0x8c _build/nrf52840_xxaa/main.c.o
                0x0000142c                main
 .text.SystemInit
                0x000014b8      0x224 _build/nrf52840_xxaa/system_nrf52840.c.o
                0x000014b8                SystemInit
 .text.exit     0x000016dc       0x28 c:/program files (x86)/gnu arm embedded toolchain/10 2020-q4-major/bin/../lib/gcc/arm-none-eabi/10.2.1/../../../../arm-none-eabi/lib/thumb/v7e-m+fp/hard\libc_nano.a(lib_a-exit.o)
                0x000016dc                exit
 .text.__libc_init_array
                0x00001704       0x48 c:/program files (x86)/gnu arm embedded toolchain/10 2020-q4-major/bin/../lib/gcc/arm-none-eabi/10.2.1/../../../../arm-none-eabi/lib/thumb/v7e-m+fp/hard\libc_nano.a(lib_a-init.o)
                0x00001704                __libc_init_array
 .text.memset   0x0000174c       0x10 c:/program files (x86)/gnu arm embedded toolchain/10 2020-q4-major/bin/../lib/gcc/arm-none-eabi/10.2.1/../../../../arm-none-eabi/lib/thumb/v7e-m+fp/hard\libc_nano.a(lib_a-memset.o)
                0x0000174c                memset
 .text.printf   0x0000175c       0x30 c:/program files (x86)/gnu arm embedded toolchain/10 2020-q4-major/bin/../lib/gcc/arm-none-eabi/10.2.1/../../../../arm-none-eabi/lib/thumb/v7e-m+fp/hard\libc_nano.a(lib_a-printf.o)
                0x0000175c                iprintf
                0x0000175c                printf
 .text.std      0x0000178c       0x48 c:/program files (x86)/gnu arm embedded toolchain/10 2020-q4-major/bin/../lib/gcc/arm-none-eabi/10.2.1/../../../../arm-none-eabi/lib/thumb/v7e-m+fp/hard\libc_nano.a(lib_a-findfp.o)
 .text._cleanup_r
                0x000017d4        0xc c:/program files (x86)/gnu arm embedded toolchain/10 2020-q4-major/bin/../lib/gcc/arm-none-eabi/10.2.1/../../../../arm-none-eabi/lib/thumb/v7e-m+fp/hard\libc_nano.a(lib_a-findfp.o)
                0x000017d4                _cleanup_r
 .text.__sfmoreglue
                0x000017e0       0x2c c:/program files (x86)/gnu arm embedded toolchain/10 2020-q4-major/bin/../lib/gcc/arm-none-eabi/10.2.1/../../../../arm-none-eabi/lib/thumb/v7e-m+fp/hard\libc_nano.a(lib_a-findfp.o)
                0x000017e0                __sfmoreglue
 .text.__sfp_lock_acquire
                0x0000180c        0xc c:/program files (x86)/gnu arm embedded toolchain/10 2020-q4-major/bin/../lib/gcc/arm-none-eabi/10.2.1/../../../../arm-none-eabi/lib/thumb/v7e-m+fp/hard\libc_nano.a(lib_a-findfp.o)
                0x0000180c                __sfp_lock_acquire
 .text.__sfp_lock_release
                0x00001818        0xc c:/program files (x86)/gnu arm embedded toolchain/10 2020-q4-major/bin/../lib/gcc/arm-none-eabi/10.2.1/../../../../arm-none-eabi/lib/thumb/v7e-m+fp/hard\libc_nano.a(lib_a-findfp.o)
                0x00001818                __sfp_lock_release
 .text.__sinit_lock_acquire
                0x00001824        0xc c:/program files (x86)/gnu arm embedded toolchain/10 2020-q4-major/bin/../lib/gcc/arm-none-eabi/10.2.1/../../../../arm-none-eabi/lib/thumb/v7e-m+fp/hard\libc_nano.a(lib_a-findfp.o)
                0x00001824                __sinit_lock_acquire
 .text.__sinit_lock_release
                0x00001830        0xc c:/program files (x86)/gnu arm embedded toolchain/10 2020-q4-major/bin/../lib/gcc/arm-none-eabi/10.2.1/../../../../arm-none-eabi/lib/thumb/v7e-m+fp/hard\libc_nano.a(lib_a-findfp.o)
                0x00001830                __sinit_lock_release
 .text.__sinit  0x0000183c       0x70 c:/program files (x86)/gnu arm embedded toolchain/10 2020-q4-major/bin/../lib/gcc/arm-none-eabi/10.2.1/../../../../arm-none-eabi/lib/thumb/v7e-m+fp/hard\libc_nano.a(lib_a-findfp.o)
                0x0000183c                __sinit
 .text.__sfp    0x000018ac       0x8c c:/program files (x86)/gnu arm embedded toolchain/10 2020-q4-major/bin/../lib/gcc/arm-none-eabi/10.2.1/../../../../arm-none-eabi/lib/thumb/v7e-m+fp/hard\libc_nano.a(lib_a-findfp.o)
                0x000018ac                __sfp
 .text._fwalk_reent
                0x00001938       0x3e c:/program files (x86)/gnu arm embedded toolchain/10 2020-q4-major/bin/../lib/gcc/arm-none-eabi/10.2.1/../../../../arm-none-eabi/lib/thumb/v7e-m+fp/hard\libc_nano.a(lib_a-fwalk.o)
                0x00001938                _fwalk_reent
 .text.__retarget_lock_init_recursive
                0x00001976        0x2 c:/program files (x86)/gnu arm embedded toolchain/10 2020-q4-major/bin/../lib/gcc/arm-none-eabi/10.2.1/../../../../arm-none-eabi/lib/thumb/v7e-m+fp/hard\libc_nano.a(lib_a-lock.o)
                0x00001976                __retarget_lock_init_recursive
 .text.__retarget_lock_acquire_recursive
                0x00001978        0x2 c:/program files (x86)/gnu arm embedded toolchain/10 2020-q4-major/bin/../lib/gcc/arm-none-eabi/10.2.1/../../../../arm-none-eabi/lib/thumb/v7e-m+fp/hard\libc_nano.a(lib_a-lock.o)
                0x00001978                __retarget_lock_acquire_recursive
 .text.__retarget_lock_release_recursive
                0x0000197a        0x2 c:/program files (x86)/gnu arm embedded toolchain/10 2020-q4-major/bin/../lib/gcc/arm-none-eabi/10.2.1/../../../../arm-none-eabi/lib/thumb/v7e-m+fp/hard\libc_nano.a(lib_a-lock.o)
                0x0000197a                __retarget_lock_release_recursive
 .text._malloc_r
                0x0000197c       0xb4 c:/program files (x86)/gnu arm embedded toolchain/10 2020-q4-major/bin/../lib/gcc/arm-none-eabi/10.2.1/../../../../arm-none-eabi/lib/thumb/v7e-m+fp/hard\libc_nano.a(lib_a-nano-mallocr.o)
                0x0000197c                _malloc_r
 .text.__sfputc_r
                0x00001a30       0x2e c:/program files (x86)/gnu arm embedded toolchain/10 2020-q4-major/bin/../lib/gcc/arm-none-eabi/10.2.1/../../../../arm-none-eabi/lib/thumb/v7e-m+fp/hard\libc_nano.a(lib_a-nano-vfprintf.o)
 .text.__sfputs_r
                0x00001a5e       0x24 c:/program files (x86)/gnu arm embedded toolchain/10 2020-q4-major/bin/../lib/gcc/arm-none-eabi/10.2.1/../../../../arm-none-eabi/lib/thumb/v7e-m+fp/hard\libc_nano.a(lib_a-nano-vfprintf.o)
                0x00001a5e                __sfputs_r
 *fill*         0x00001a82        0x2 
 .text._vfprintf_r
                0x00001a84      0x260 c:/program files (x86)/gnu arm embedded toolchain/10 2020-q4-major/bin/../lib/gcc/arm-none-eabi/10.2.1/../../../../arm-none-eabi/lib/thumb/v7e-m+fp/hard\libc_nano.a(lib_a-nano-vfprintf.o)
                0x00001a84                _vfprintf_r
                0x00001a84                _vfiprintf_r
 .text._printf_common
                0x00001ce4       0xda c:/program files (x86)/gnu arm embedded toolchain/10 2020-q4-major/bin/../lib/gcc/arm-none-eabi/10.2.1/../../../../arm-none-eabi/lib/thumb/v7e-m+fp/hard\libc_nano.a(lib_a-nano-vfprintf_i.o)
                0x00001ce4                _printf_common
 *fill*         0x00001dbe        0x2 
 .text._printf_i
                0x00001dc0      0x24c c:/program files (x86)/gnu arm embedded toolchain/10 2020-q4-major/bin/../lib/gcc/arm-none-eabi/10.2.1/../../../../arm-none-eabi/lib/thumb/v7e-m+fp/hard\libc_nano.a(lib_a-nano-vfprintf_i.o)
                0x00001dc0                _printf_i
 .text._sbrk_r  0x0000200c       0x20 c:/program files (x86)/gnu arm embedded toolchain/10 2020-q4-major/bin/../lib/gcc/arm-none-eabi/10.2.1/../../../../arm-none-eabi/lib/thumb/v7e-m+fp/hard\libc_nano.a(lib_a-sbrkr.o)
                0x0000200c                _sbrk_r
 .text.__sread  0x0000202c       0x22 c:/program files (x86)/gnu arm embedded toolchain/10 2020-q4-major/bin/../lib/gcc/arm-none-eabi/10.2.1/../../../../arm-none-eabi/lib/thumb/v7e-m+fp/hard\libc_nano.a(lib_a-stdio.o)
                0x0000202c                __sread
 .text.__swrite
                0x0000204e       0x38 c:/program files (x86)/gnu arm embedded toolchain/10 2020-q4-major/bin/../lib/gcc/arm-none-eabi/10.2.1/../../../../arm-none-eabi/lib/thumb/v7e-m+fp/hard\libc_nano.a(lib_a-stdio.o)
                0x0000204e                __swrite
 .text.__sseek  0x00002086       0x24 c:/program files (x86)/gnu arm embedded toolchain/10 2020-q4-major/bin/../lib/gcc/arm-none-eabi/10.2.1/../../../../arm-none-eabi/lib/thumb/v7e-m+fp/hard\libc_nano.a(lib_a-stdio.o)
                0x00002086                __sseek
 .text.__sclose
                0x000020aa        0x8 c:/program files (x86)/gnu arm embedded toolchain/10 2020-q4-major/bin/../lib/gcc/arm-none-eabi/10.2.1/../../../../arm-none-eabi/lib/thumb/v7e-m+fp/hard\libc_nano.a(lib_a-stdio.o)
                0x000020aa                __sclose
 *fill*         0x000020b2        0x2 
 .text.__swbuf_r
                0x000020b4       0xa4 c:/program files (x86)/gnu arm embedded toolchain/10 2020-q4-major/bin/../lib/gcc/arm-none-eabi/10.2.1/../../../../arm-none-eabi/lib/thumb/v7e-m+fp/hard\libc_nano.a(lib_a-wbuf.o)
                0x000020b4                __swbuf_r
 .text._write_r
                0x00002158       0x24 c:/program files (x86)/gnu arm embedded toolchain/10 2020-q4-major/bin/../lib/gcc/arm-none-eabi/10.2.1/../../../../arm-none-eabi/lib/thumb/v7e-m+fp/hard\libc_nano.a(lib_a-writer.o)
                0x00002158                _write_r
 .text.__swsetup_r
                0x0000217c       0xdc c:/program files (x86)/gnu arm embedded toolchain/10 2020-q4-major/bin/../lib/gcc/arm-none-eabi/10.2.1/../../../../arm-none-eabi/lib/thumb/v7e-m+fp/hard\libc_nano.a(lib_a-wsetup.o)
                0x0000217c                __swsetup_r
 .text._close_r
                0x00002258       0x20 c:/program files (x86)/gnu arm embedded toolchain/10 2020-q4-major/bin/../lib/gcc/arm-none-eabi/10.2.1/../../../../arm-none-eabi/lib/thumb/v7e-m+fp/hard\libc_nano.a(lib_a-closer.o)
                0x00002258                _close_r
 .text.__sflush_r
                0x00002278      0x10c c:/program files (x86)/gnu arm embedded toolchain/10 2020-q4-major/bin/../lib/gcc/arm-none-eabi/10.2.1/../../../../arm-none-eabi/lib/thumb/v7e-m+fp/hard\libc_nano.a(lib_a-fflush.o)
                0x00002278                __sflush_r
 .text._fflush_r
                0x00002384       0x78 c:/program files (x86)/gnu arm embedded toolchain/10 2020-q4-major/bin/../lib/gcc/arm-none-eabi/10.2.1/../../../../arm-none-eabi/lib/thumb/v7e-m+fp/hard\libc_nano.a(lib_a-fflush.o)
                0x00002384                _fflush_r
 .text._lseek_r
                0x000023fc       0x24 c:/program files (x86)/gnu arm embedded toolchain/10 2020-q4-major/bin/../lib/gcc/arm-none-eabi/10.2.1/../../../../arm-none-eabi/lib/thumb/v7e-m+fp/hard\libc_nano.a(lib_a-lseekr.o)
                0x000023fc                _lseek_r
 .text.__swhatbuf_r
                0x00002420       0x4a c:/program files (x86)/gnu arm embedded toolchain/10 2020-q4-major/bin/../lib/gcc/arm-none-eabi/10.2.1/../../../../arm-none-eabi/lib/thumb/v7e-m+fp/hard\libc_nano.a(lib_a-makebuf.o)
                0x00002420                __swhatbuf_r
 *fill*         0x0000246a        0x2 
 .text.__smakebuf_r
                0x0000246c       0x80 c:/program files (x86)/gnu arm embedded toolchain/10 2020-q4-major/bin/../lib/gcc/arm-none-eabi/10.2.1/../../../../arm-none-eabi/lib/thumb/v7e-m+fp/hard\libc_nano.a(lib_a-makebuf.o)
                0x0000246c                __smakebuf_r
 *fill*         0x000024ec        0x4 
 .text          0x000024f0       0xa0 c:/program files (x86)/gnu arm embedded toolchain/10 2020-q4-major/bin/../lib/gcc/arm-none-eabi/10.2.1/../../../../arm-none-eabi/lib/thumb/v7e-m+fp/hard\libc_nano.a(lib_a-memchr.o)
                0x000024f0                memchr
 .text.__malloc_lock
                0x00002590        0xc c:/program files (x86)/gnu arm embedded toolchain/10 2020-q4-major/bin/../lib/gcc/arm-none-eabi/10.2.1/../../../../arm-none-eabi/lib/thumb/v7e-m+fp/hard\libc_nano.a(lib_a-mlock.o)
                0x00002590                __malloc_lock
 .text.__malloc_unlock
                0x0000259c        0xc c:/program files (x86)/gnu arm embedded toolchain/10 2020-q4-major/bin/../lib/gcc/arm-none-eabi/10.2.1/../../../../arm-none-eabi/lib/thumb/v7e-m+fp/hard\libc_nano.a(lib_a-mlock.o)
                0x0000259c                __malloc_unlock
 .text._free_r  0x000025a8       0x98 c:/program files (x86)/gnu arm embedded toolchain/10 2020-q4-major/bin/../lib/gcc/arm-none-eabi/10.2.1/../../../../arm-none-eabi/lib/thumb/v7e-m+fp/hard\libc_nano.a(lib_a-nano-freer.o)
                0x000025a8                _free_r
 .text._read_r  0x00002640       0x24 c:/program files (x86)/gnu arm embedded toolchain/10 2020-q4-major/bin/../lib/gcc/arm-none-eabi/10.2.1/../../../../arm-none-eabi/lib/thumb/v7e-m+fp/hard\libc_nano.a(lib_a-readr.o)
                0x00002640                _read_r
 .text._fstat_r
                0x00002664       0x24 c:/program files (x86)/gnu arm embedded toolchain/10 2020-q4-major/bin/../lib/gcc/arm-none-eabi/10.2.1/../../../../arm-none-eabi/lib/thumb/v7e-m+fp/hard\libc_nano.a(lib_a-fstatr.o)
                0x00002664                _fstat_r
 .text._isatty_r
                0x00002688       0x20 c:/program files (x86)/gnu arm embedded toolchain/10 2020-q4-major/bin/../lib/gcc/arm-none-eabi/10.2.1/../../../../arm-none-eabi/lib/thumb/v7e-m+fp/hard\libc_nano.a(lib_a-isattyr.o)
                0x00002688                _isatty_r
 .text._close   0x000026a8       0x10 c:/program files (x86)/gnu arm embedded toolchain/10 2020-q4-major/bin/../lib/gcc/arm-none-eabi/10.2.1/../../../../arm-none-eabi/lib/thumb/v7e-m+fp/hard\libnosys.a(close.o)
                0x000026a8                _close
 .text._fstat   0x000026b8       0x10 c:/program files (x86)/gnu arm embedded toolchain/10 2020-q4-major/bin/../lib/gcc/arm-none-eabi/10.2.1/../../../../arm-none-eabi/lib/thumb/v7e-m+fp/hard\libnosys.a(fstat.o)
                0x000026b8                _fstat
 .text._isatty  0x000026c8       0x10 c:/program files (x86)/gnu arm embedded toolchain/10 2020-q4-major/bin/../lib/gcc/arm-none-eabi/10.2.1/../../../../arm-none-eabi/lib/thumb/v7e-m+fp/hard\libnosys.a(isatty.o)
                0x000026c8                _isatty
 .text._lseek   0x000026d8       0x10 c:/program files (x86)/gnu arm embedded toolchain/10 2020-q4-major/bin/../lib/gcc/arm-none-eabi/10.2.1/../../../../arm-none-eabi/lib/thumb/v7e-m+fp/hard\libnosys.a(lseek.o)
                0x000026d8                _lseek
 .text._sbrk    0x000026e8       0x1c c:/program files (x86)/gnu arm embedded toolchain/10 2020-q4-major/bin/../lib/gcc/arm-none-eabi/10.2.1/../../../../arm-none-eabi/lib/thumb/v7e-m+fp/hard\libnosys.a(sbrk.o)
                0x000026e8                _sbrk
 .text._exit    0x00002704        0x4 c:/program files (x86)/gnu arm embedded toolchain/10 2020-q4-major/bin/../lib/gcc/arm-none-eabi/10.2.1/../../../../arm-none-eabi/lib/thumb/v7e-m+fp/hard\libnosys.a(_exit.o)
                0x00002704                _exit
 *(.init)
 .init          0x00002708        0x4 c:/program files (x86)/gnu arm embedded toolchain/10 2020-q4-major/bin/../lib/gcc/arm-none-eabi/10.2.1/thumb/v7e-m+fp/hard/crti.o
                0x00002708                _init
 .init          0x0000270c        0x8 c:/program files (x86)/gnu arm embedded toolchain/10 2020-q4-major/bin/../lib/gcc/arm-none-eabi/10.2.1/thumb/v7e-m+fp/hard/crtn.o
 *(.fini)
 .fini          0x00002714        0x4 c:/program files (x86)/gnu arm embedded toolchain/10 2020-q4-major/bin/../lib/gcc/arm-none-eabi/10.2.1/thumb/v7e-m+fp/hard/crti.o
                0x00002714                _fini
 .fini          0x00002718        0x8 c:/program files (x86)/gnu arm embedded toolchain/10 2020-q4-major/bin/../lib/gcc/arm-none-eabi/10.2.1/thumb/v7e-m+fp/hard/crtn.o
 *crtbegin.o(.ctors)
 *crtbegin?.o(.ctors)
 *(EXCLUDE_FILE(*crtend.o *crtend?.o) .ctors)
 *(SORT_BY_NAME(.ctors.*))
 *(.ctors)
 *crtbegin.o(.dtors)
 *crtbegin?.o(.dtors)
 *(EXCLUDE_FILE(*crtend.o *crtend?.o) .dtors)
 *(SORT_BY_NAME(.dtors.*))
 *(.dtors)
 *(.rodata*)
 .rodata        0x00002720       0x20 _build/nrf52840_xxaa/app_uart_fifo.c.o
 .rodata.main.str1.4
                0x00002740       0x27 _build/nrf52840_xxaa/main.c.o
 *fill*         0x00002767        0x1 
 .rodata        0x00002768       0x18 _build/nrf52840_xxaa/main.c.o
 .rodata.CSWTCH.6
                0x00002780        0x4 _build/nrf52840_xxaa/system_nrf52840.c.o
 .rodata._global_impure_ptr
                0x00002784        0x4 c:/program files (x86)/gnu arm embedded toolchain/10 2020-q4-major/bin/../lib/gcc/arm-none-eabi/10.2.1/../../../../arm-none-eabi/lib/thumb/v7e-m+fp/hard\libc_nano.a(lib_a-impure.o)
                0x00002784                _global_impure_ptr
 .rodata.__sf_fake_stderr
                0x00002788       0x20 c:/program files (x86)/gnu arm embedded toolchain/10 2020-q4-major/bin/../lib/gcc/arm-none-eabi/10.2.1/../../../../arm-none-eabi/lib/thumb/v7e-m+fp/hard\libc_nano.a(lib_a-findfp.o)
                0x00002788                __sf_fake_stderr
 .rodata.__sf_fake_stdin
                0x000027a8       0x20 c:/program files (x86)/gnu arm embedded toolchain/10 2020-q4-major/bin/../lib/gcc/arm-none-eabi/10.2.1/../../../../arm-none-eabi/lib/thumb/v7e-m+fp/hard\libc_nano.a(lib_a-findfp.o)
                0x000027a8                __sf_fake_stdin
 .rodata.__sf_fake_stdout
                0x000027c8       0x20 c:/program files (x86)/gnu arm embedded toolchain/10 2020-q4-major/bin/../lib/gcc/arm-none-eabi/10.2.1/../../../../arm-none-eabi/lib/thumb/v7e-m+fp/hard\libc_nano.a(lib_a-findfp.o)
                0x000027c8                __sf_fake_stdout
 .rodata._vfprintf_r.str1.1
                0x000027e8       0x11 c:/program files (x86)/gnu arm embedded toolchain/10 2020-q4-major/bin/../lib/gcc/arm-none-eabi/10.2.1/../../../../arm-none-eabi/lib/thumb/v7e-m+fp/hard\libc_nano.a(lib_a-nano-vfprintf.o)
 .rodata._printf_i.str1.1
                0x000027f9       0x22 c:/program files (x86)/gnu arm embedded toolchain/10 2020-q4-major/bin/../lib/gcc/arm-none-eabi/10.2.1/../../../../arm-none-eabi/lib/thumb/v7e-m+fp/hard\libc_nano.a(lib_a-nano-vfprintf_i.o)
 *(.eh_frame*)
 *fill*         0x0000281b        0x1 
 .eh_frame      0x0000281c        0x0 c:/program files (x86)/gnu arm embedded toolchain/10 2020-q4-major/bin/../lib/gcc/arm-none-eabi/10.2.1/thumb/v7e-m+fp/hard/crtbegin.o
 .eh_frame      0x0000281c        0x4 c:/program files (x86)/gnu arm embedded toolchain/10 2020-q4-major/bin/../lib/gcc/arm-none-eabi/10.2.1/thumb/v7e-m+fp/hard/crtend.o

.glue_7         0x00002820        0x0
 .glue_7        0x00002820        0x0 linker stubs

.glue_7t        0x00002820        0x0
 .glue_7t       0x00002820        0x0 linker stubs

.vfp11_veneer   0x00002820        0x0
 .vfp11_veneer  0x00002820        0x0 linker stubs

.v4_bx          0x00002820        0x0
 .v4_bx         0x00002820        0x0 linker stubs

.iplt           0x00002820        0x0
 .iplt          0x00002820        0x0 c:/program files (x86)/gnu arm embedded toolchain/10 2020-q4-major/bin/../lib/gcc/arm-none-eabi/10.2.1/thumb/v7e-m+fp/hard/crtbegin.o

.mem_section_dummy_rom

.log_const_data
                0x00002820        0x0
                [!provide]                PROVIDE (__start_log_const_data = .)
 *(SORT_BY_NAME(.log_const_data*))
                [!provide]                PROVIDE (__stop_log_const_data = .)

.log_backends   0x00002820        0x0
                [!provide]                PROVIDE (__start_log_backends = .)
 *(SORT_BY_NAME(.log_backends*))
                [!provide]                PROVIDE (__stop_log_backends = .)

.nrf_balloc     0x00002820        0x0
                [!provide]                PROVIDE (__start_nrf_balloc = .)
 *(.nrf_balloc)
                [!provide]                PROVIDE (__stop_nrf_balloc = .)

.ARM.extab
 *(.ARM.extab* .gnu.linkonce.armextab.*)
                0x00002820                __exidx_start = .

.ARM.exidx      0x00002820        0x8
 *(.ARM.exidx* .gnu.linkonce.armexidx.*)
 .ARM.exidx     0x00002820        0x8 c:/program files (x86)/gnu arm embedded toolchain/10 2020-q4-major/bin/../lib/gcc/arm-none-eabi/10.2.1/../../../../arm-none-eabi/lib/thumb/v7e-m+fp/hard/crt0.o
                                 0x10 (size before relaxing)
                0x00002828                __exidx_end = .

.rel.dyn        0x00002828        0x0
 .rel.iplt      0x00002828        0x0 c:/program files (x86)/gnu arm embedded toolchain/10 2020-q4-major/bin/../lib/gcc/arm-none-eabi/10.2.1/thumb/v7e-m+fp/hard/crtbegin.o
                0x00002828                . = ALIGN (0x4)
                0x00002828                __etext = .

.data           0x20000000       0x84 load address 0x00002828
                0x20000000                __data_start__ = .
 *(vtable)
 *(.data*)
 .data.app_uart_inst
                0x20000000       0x14 _build/nrf52840_xxaa/app_uart_fifo.c.o
 .data.SystemCoreClock
                0x20000014        0x4 _build/nrf52840_xxaa/system_nrf52840.c.o
                0x20000014                SystemCoreClock
 .data._impure_ptr
                0x20000018        0x4 c:/program files (x86)/gnu arm embedded toolchain/10 2020-q4-major/bin/../lib/gcc/arm-none-eabi/10.2.1/../../../../arm-none-eabi/lib/thumb/v7e-m+fp/hard\libc_nano.a(lib_a-impure.o)
                0x20000018                _impure_ptr
 .data.impure_data
                0x2000001c       0x60 c:/program files (x86)/gnu arm embedded toolchain/10 2020-q4-major/bin/../lib/gcc/arm-none-eabi/10.2.1/../../../../arm-none-eabi/lib/thumb/v7e-m+fp/hard\libc_nano.a(lib_a-impure.o)
                0x2000007c                . = ALIGN (0x4)
                0x2000007c                PROVIDE (__preinit_array_start = .)
 *(.preinit_array)
                0x2000007c                PROVIDE (__preinit_array_end = .)
                0x2000007c                . = ALIGN (0x4)
                0x2000007c                PROVIDE (__init_array_start = .)
 *(SORT_BY_NAME(.init_array.*))
 *(.init_array)
 .init_array    0x2000007c        0x4 c:/program files (x86)/gnu arm embedded toolchain/10 2020-q4-major/bin/../lib/gcc/arm-none-eabi/10.2.1/thumb/v7e-m+fp/hard/crtbegin.o
                0x20000080                PROVIDE (__init_array_end = .)
                0x20000080                . = ALIGN (0x4)
                [!provide]                PROVIDE (__fini_array_start = .)
 *(SORT_BY_NAME(.fini_array.*))
 *(.fini_array)
 .fini_array    0x20000080        0x4 c:/program files (x86)/gnu arm embedded toolchain/10 2020-q4-major/bin/../lib/gcc/arm-none-eabi/10.2.1/thumb/v7e-m+fp/hard/crtbegin.o
                [!provide]                PROVIDE (__fini_array_end = .)
 *(.jcr*)
                0x20000084                . = ALIGN (0x4)
                0x20000084                __data_end__ = .
LOAD c:/program files (x86)/gnu arm embedded toolchain/10 2020-q4-major/bin/../lib/gcc/arm-none-eabi/10.2.1/thumb/v7e-m+fp/hard/crti.o
LOAD c:/program files (x86)/gnu arm embedded toolchain/10 2020-q4-major/bin/../lib/gcc/arm-none-eabi/10.2.1/thumb/v7e-m+fp/hard/crtbegin.o
LOAD c:/program files (x86)/gnu arm embedded toolchain/10 2020-q4-major/bin/../lib/gcc/arm-none-eabi/10.2.1/../../../../arm-none-eabi/lib/thumb/v7e-m+fp/hard/crt0.o
LOAD _build/nrf52840_xxaa/gcc_startup_nrf52840.S.o
LOAD _build/nrf52840_xxaa/nrf_log_frontend.c.o
LOAD _build/nrf52840_xxaa/nrf_log_str_formatter.c.o
LOAD _build/nrf52840_xxaa/boards.c.o
LOAD _build/nrf52840_xxaa/app_error.c.o
LOAD _build/nrf52840_xxaa/app_error_handler_gcc.c.o
LOAD _build/nrf52840_xxaa/app_error_weak.c.o
LOAD _build/nrf52840_xxaa/app_fifo.c.o
LOAD _build/nrf52840_xxaa/app_uart_fifo.c.o
LOAD _build/nrf52840_xxaa/app_util_platform.c.o
LOAD _build/nrf52840_xxaa/nrf_assert.c.o
LOAD _build/nrf52840_xxaa/nrf_atomic.c.o
LOAD _build/nrf52840_xxaa/nrf_balloc.c.o
LOAD _build/nrf52840_xxaa/nrf_fprintf.c.o
LOAD _build/nrf52840_xxaa/nrf_fprintf_format.c.o
LOAD _build/nrf52840_xxaa/nrf_memobj.c.o
LOAD _build/nrf52840_xxaa/nrf_ringbuf.c.o
LOAD _build/nrf52840_xxaa/nrf_strerror.c.o
LOAD _build/nrf52840_xxaa/retarget.c.o
LOAD _build/nrf52840_xxaa/nrf_drv_uart.c.o
LOAD _build/nrf52840_xxaa/nrfx_atomic.c.o
LOAD _build/nrf52840_xxaa/nrfx_prs.c.o
LOAD _build/nrf52840_xxaa/nrfx_uart.c.o
LOAD _build/nrf52840_xxaa/nrfx_uarte.c.o
LOAD _build/nrf52840_xxaa/main.c.o
LOAD _build/nrf52840_xxaa/system_nrf52840.c.o
LOAD c:/program files (x86)/gnu arm embedded toolchain/10 2020-q4-major/bin/../lib/gcc/arm-none-eabi/10.2.1/../../../../arm-none-eabi/lib/thumb/v7e-m+fp/hard\libc_nano.a
LOAD c:/program files (x86)/gnu arm embedded toolchain/10 2020-q4-major/bin/../lib/gcc/arm-none-eabi/10.2.1/../../../../arm-none-eabi/lib/thumb/v7e-m+fp/hard\libnosys.a
LOAD c:/program files (x86)/gnu arm embedded toolchain/10 2020-q4-major/bin/../lib/gcc/arm-none-eabi/10.2.1/../../../../arm-none-eabi/lib/thumb/v7e-m+fp/hard\libm.a
START GROUP
LOAD c:/program files (x86)/gnu arm embedded toolchain/10 2020-q4-major/bin/../lib/gcc/arm-none-eabi/10.2.1/thumb/v7e-m+fp/hard\libgcc.a
LOAD c:/program files (x86)/gnu arm embedded toolchain/10 2020-q4-major/bin/../lib/gcc/arm-none-eabi/10.2.1/../../../../arm-none-eabi/lib/thumb/v7e-m+fp/hard\libg_nano.a
LOAD c:/program files (x86)/gnu arm embedded toolchain/10 2020-q4-major/bin/../lib/gcc/arm-none-eabi/10.2.1/../../../../arm-none-eabi/lib/thumb/v7e-m+fp/hard\libc_nano.a
END GROUP
START GROUP
LOAD c:/program files (x86)/gnu arm embedded toolchain/10 2020-q4-major/bin/../lib/gcc/arm-none-eabi/10.2.1/thumb/v7e-m+fp/hard\libgcc.a
LOAD c:/program files (x86)/gnu arm embedded toolchain/10 2020-q4-major/bin/../lib/gcc/arm-none-eabi/10.2.1/../../../../arm-none-eabi/lib/thumb/v7e-m+fp/hard\libc_nano.a
END GROUP
LOAD c:/program files (x86)/gnu arm embedded toolchain/10 2020-q4-major/bin/../lib/gcc/arm-none-eabi/10.2.1/thumb/v7e-m+fp/hard/crtend.o
LOAD c:/program files (x86)/gnu arm embedded toolchain/10 2020-q4-major/bin/../lib/gcc/arm-none-eabi/10.2.1/thumb/v7e-m+fp/hard/crtn.o
START GROUP
LOAD c:/program files (x86)/gnu arm embedded toolchain/10 2020-q4-major/bin/../lib/gcc/arm-none-eabi/10.2.1/thumb/v7e-m+fp/hard\libgcc.a
LOAD c:/program files (x86)/gnu arm embedded toolchain/10 2020-q4-major/bin/../lib/gcc/arm-none-eabi/10.2.1/../../../../arm-none-eabi/lib/thumb/v7e-m+fp/hard\libc.a
LOAD c:/program files (x86)/gnu arm embedded toolchain/10 2020-q4-major/bin/../lib/gcc/arm-none-eabi/10.2.1/../../../../arm-none-eabi/lib/thumb/v7e-m+fp/hard\libnosys.a
END GROUP

.igot.plt       0x20000084        0x0 load address 0x000028ac
 .igot.plt      0x20000084        0x0 c:/program files (x86)/gnu arm embedded toolchain/10 2020-q4-major/bin/../lib/gcc/arm-none-eabi/10.2.1/thumb/v7e-m+fp/hard/crtbegin.o
                0x20000084                . = ALIGN (0x4)

.mem_section_dummy_ram

.log_dynamic_data
                0x20000084        0x0
                [!provide]                PROVIDE (__start_log_dynamic_data = .)
 *(SORT_BY_NAME(.log_dynamic_data*))
                [!provide]                PROVIDE (__stop_log_dynamic_data = .)

.log_filter_data
                0x20000084        0x0
                [!provide]                PROVIDE (__start_log_filter_data = .)
 *(SORT_BY_NAME(.log_filter_data*))
                [!provide]                PROVIDE (__stop_log_filter_data = .)

.bss            0x20000088      0x2d8 load address 0x000028b0
                0x20000088                . = ALIGN (0x4)
                0x20000088                __bss_start__ = .
 *(.bss*)
 .bss           0x20000088       0x1c c:/program files (x86)/gnu arm embedded toolchain/10 2020-q4-major/bin/../lib/gcc/arm-none-eabi/10.2.1/thumb/v7e-m+fp/hard/crtbegin.o
 .bss.m_event_handler
                0x200000a4        0x4 _build/nrf52840_xxaa/app_uart_fifo.c.o
 .bss.m_rx_fifo
                0x200000a8       0x10 _build/nrf52840_xxaa/app_uart_fifo.c.o
 .bss.m_rx_ovf  0x200000b8        0x1 _build/nrf52840_xxaa/app_uart_fifo.c.o
 *fill*         0x200000b9        0x3 
 .bss.m_tx_fifo
                0x200000bc       0x10 _build/nrf52840_xxaa/app_uart_fifo.c.o
 .bss.rx_buffer
                0x200000cc        0x1 _build/nrf52840_xxaa/app_uart_fifo.c.o
 *fill*         0x200000cd        0x3 
 .bss.tx_buffer
                0x200000d0        0x1 _build/nrf52840_xxaa/app_uart_fifo.c.o
 *fill*         0x200000d1        0x3 
 .bss.m_in_critical_region
                0x200000d4        0x4 _build/nrf52840_xxaa/app_util_platform.c.o
 .bss.m_contexts
                0x200000d8        0x8 _build/nrf52840_xxaa/nrf_drv_uart.c.o
 .bss.m_handlers
                0x200000e0        0x8 _build/nrf52840_xxaa/nrf_drv_uart.c.o
 .bss.nrf_drv_uart_use_easy_dma
                0x200000e8        0x2 _build/nrf52840_xxaa/nrf_drv_uart.c.o
                0x200000e8                nrf_drv_uart_use_easy_dma
 *fill*         0x200000ea        0x2 
 .bss.m_prs_box_4
                0x200000ec        0x8 _build/nrf52840_xxaa/nrfx_prs.c.o
 *fill*         0x200000f4        0x4 
 .bss.m_cb      0x200000f8       0x2c _build/nrf52840_xxaa/nrfx_uart.c.o
 *fill*         0x20000124        0x4 
 .bss.m_cb      0x20000128       0x24 _build/nrf52840_xxaa/nrfx_uarte.c.o
 .bss.rx_buf.1  0x2000014c      0x100 _build/nrf52840_xxaa/main.c.o
 .bss.tx_buf.0  0x2000024c      0x100 _build/nrf52840_xxaa/main.c.o
 .bss.__lock___malloc_recursive_mutex
                0x2000034c        0x1 c:/program files (x86)/gnu arm embedded toolchain/10 2020-q4-major/bin/../lib/gcc/arm-none-eabi/10.2.1/../../../../arm-none-eabi/lib/thumb/v7e-m+fp/hard\libc_nano.a(lib_a-lock.o)
                0x2000034c                __lock___malloc_recursive_mutex
 .bss.__lock___sfp_recursive_mutex
                0x2000034d        0x1 c:/program files (x86)/gnu arm embedded toolchain/10 2020-q4-major/bin/../lib/gcc/arm-none-eabi/10.2.1/../../../../arm-none-eabi/lib/thumb/v7e-m+fp/hard\libc_nano.a(lib_a-lock.o)
                0x2000034d                __lock___sfp_recursive_mutex
 .bss.__lock___sinit_recursive_mutex
                0x2000034e        0x1 c:/program files (x86)/gnu arm embedded toolchain/10 2020-q4-major/bin/../lib/gcc/arm-none-eabi/10.2.1/../../../../arm-none-eabi/lib/thumb/v7e-m+fp/hard\libc_nano.a(lib_a-lock.o)
                0x2000034e                __lock___sinit_recursive_mutex
 *fill*         0x2000034f        0x1 
 .bss.__malloc_free_list
                0x20000350        0x4 c:/program files (x86)/gnu arm embedded toolchain/10 2020-q4-major/bin/../lib/gcc/arm-none-eabi/10.2.1/../../../../arm-none-eabi/lib/thumb/v7e-m+fp/hard\libc_nano.a(lib_a-nano-mallocr.o)
                0x20000350                __malloc_free_list
 .bss.__malloc_sbrk_start
                0x20000354        0x4 c:/program files (x86)/gnu arm embedded toolchain/10 2020-q4-major/bin/../lib/gcc/arm-none-eabi/10.2.1/../../../../arm-none-eabi/lib/thumb/v7e-m+fp/hard\libc_nano.a(lib_a-nano-mallocr.o)
                0x20000354                __malloc_sbrk_start
 .bss.errno     0x20000358        0x4 c:/program files (x86)/gnu arm embedded toolchain/10 2020-q4-major/bin/../lib/gcc/arm-none-eabi/10.2.1/../../../../arm-none-eabi/lib/thumb/v7e-m+fp/hard\libc_nano.a(lib_a-reent.o)
                0x20000358                errno
 .bss.heap_end.0
                0x2000035c        0x4 c:/program files (x86)/gnu arm embedded toolchain/10 2020-q4-major/bin/../lib/gcc/arm-none-eabi/10.2.1/../../../../arm-none-eabi/lib/thumb/v7e-m+fp/hard\libnosys.a(sbrk.o)
 *(COMMON)
                0x20000360                . = ALIGN (0x4)
                0x20000360                __bss_end__ = .

.heap           0x20000360     0x2000
                0x20000360                __HeapBase = .
                0x20000360                __end__ = .
                0x20000360                PROVIDE (end = .)
 *(.heap*)
 .heap          0x20000360     0x2000 _build/nrf52840_xxaa/gcc_startup_nrf52840.S.o
                0x20002360                __HeapLimit = .

.stack_dummy    0x20000360     0x2000
 *(.stack*)
 .stack         0x20000360     0x2000 _build/nrf52840_xxaa/gcc_startup_nrf52840.S.o
                0x20040000                __StackTop = (ORIGIN (RAM) + LENGTH (RAM))
                0x2003e000                __StackLimit = (__StackTop - SIZEOF (.stack_dummy))
                0x20040000                PROVIDE (__stack = __StackTop)
                0x00000001                ASSERT ((__StackLimit >= __HeapLimit), region RAM overflowed with stack)
                0x00000088                DataInitFlashUsed = (__bss_start__ - __data_start__)
                0x00002828                CodeFlashUsed = (__etext - ORIGIN (FLASH))
                0x000028b0                TotalFlashUsed = (CodeFlashUsed + DataInitFlashUsed)
                0x00000001                ASSERT ((TotalFlashUsed <= LENGTH (FLASH)), region FLASH overflowed with .data and user data)
OUTPUT(_build/nrf52840_xxaa.out elf32-littlearm)
LOAD linker stubs

.ARM.attributes
                0x00000000       0x30
 .ARM.attributes
                0x00000000       0x1e c:/program files (x86)/gnu arm embedded toolchain/10 2020-q4-major/bin/../lib/gcc/arm-none-eabi/10.2.1/thumb/v7e-m+fp/hard/crti.o
 .ARM.attributes
                0x0000001e       0x34 c:/program files (x86)/gnu arm embedded toolchain/10 2020-q4-major/bin/../lib/gcc/arm-none-eabi/10.2.1/thumb/v7e-m+fp/hard/crtbegin.o
 .ARM.attributes
                0x00000052       0x1c c:/program files (x86)/gnu arm embedded toolchain/10 2020-q4-major/bin/../lib/gcc/arm-none-eabi/10.2.1/../../../../arm-none-eabi/lib/thumb/v7e-m+fp/hard/crt0.o
 .ARM.attributes
                0x0000006e       0x20 _build/nrf52840_xxaa/gcc_startup_nrf52840.S.o
 .ARM.attributes
                0x0000008e       0x34 _build/nrf52840_xxaa/boards.c.o
 .ARM.attributes
                0x000000c2       0x34 _build/nrf52840_xxaa/app_error.c.o
 .ARM.attributes
                0x000000f6       0x34 _build/nrf52840_xxaa/app_error_weak.c.o
 .ARM.attributes
                0x0000012a       0x34 _build/nrf52840_xxaa/app_fifo.c.o
 .ARM.attributes
                0x0000015e       0x34 _build/nrf52840_xxaa/app_uart_fifo.c.o
 .ARM.attributes
                0x00000192       0x34 _build/nrf52840_xxaa/app_util_platform.c.o
 .ARM.attributes
                0x000001c6       0x34 _build/nrf52840_xxaa/retarget.c.o
 .ARM.attributes
                0x000001fa       0x34 _build/nrf52840_xxaa/nrf_drv_uart.c.o
 .ARM.attributes
                0x0000022e       0x34 _build/nrf52840_xxaa/nrfx_prs.c.o
 .ARM.attributes
                0x00000262       0x34 _build/nrf52840_xxaa/nrfx_uart.c.o
 .ARM.attributes
                0x00000296       0x34 _build/nrf52840_xxaa/nrfx_uarte.c.o
 .ARM.attributes
                0x000002ca       0x34 _build/nrf52840_xxaa/main.c.o
 .ARM.attributes
                0x000002fe       0x34 _build/nrf52840_xxaa/system_nrf52840.c.o
 .ARM.attributes
                0x00000332       0x34 c:/program files (x86)/gnu arm embedded toolchain/10 2020-q4-major/bin/../lib/gcc/arm-none-eabi/10.2.1/../../../../arm-none-eabi/lib/thumb/v7e-m+fp/hard\libc_nano.a(lib_a-exit.o)
 .ARM.attributes
                0x00000366       0x32 c:/program files (x86)/gnu arm embedded toolchain/10 2020-q4-major/bin/../lib/gcc/arm-none-eabi/10.2.1/../../../../arm-none-eabi/lib/thumb/v7e-m+fp/hard\libc_nano.a(lib_a-impure.o)
 .ARM.attributes
                0x00000398       0x34 c:/program files (x86)/gnu arm embedded toolchain/10 2020-q4-major/bin/../lib/gcc/arm-none-eabi/10.2.1/../../../../arm-none-eabi/lib/thumb/v7e-m+fp/hard\libc_nano.a(lib_a-init.o)
 .ARM.attributes
                0x000003cc       0x34 c:/program files (x86)/gnu arm embedded toolchain/10 2020-q4-major/bin/../lib/gcc/arm-none-eabi/10.2.1/../../../../arm-none-eabi/lib/thumb/v7e-m+fp/hard\libc_nano.a(lib_a-memset.o)
 .ARM.attributes
                0x00000400       0x34 c:/program files (x86)/gnu arm embedded toolchain/10 2020-q4-major/bin/../lib/gcc/arm-none-eabi/10.2.1/../../../../arm-none-eabi/lib/thumb/v7e-m+fp/hard\libc_nano.a(lib_a-printf.o)
 .ARM.attributes
                0x00000434       0x34 c:/program files (x86)/gnu arm embedded toolchain/10 2020-q4-major/bin/../lib/gcc/arm-none-eabi/10.2.1/../../../../arm-none-eabi/lib/thumb/v7e-m+fp/hard\libc_nano.a(lib_a-findfp.o)
 .ARM.attributes
                0x00000468       0x34 c:/program files (x86)/gnu arm embedded toolchain/10 2020-q4-major/bin/../lib/gcc/arm-none-eabi/10.2.1/../../../../arm-none-eabi/lib/thumb/v7e-m+fp/hard\libc_nano.a(lib_a-fwalk.o)
 .ARM.attributes
                0x0000049c       0x34 c:/program files (x86)/gnu arm embedded toolchain/10 2020-q4-major/bin/../lib/gcc/arm-none-eabi/10.2.1/../../../../arm-none-eabi/lib/thumb/v7e-m+fp/hard\libc_nano.a(lib_a-lock.o)
 .ARM.attributes
                0x000004d0       0x34 c:/program files (x86)/gnu arm embedded toolchain/10 2020-q4-major/bin/../lib/gcc/arm-none-eabi/10.2.1/../../../../arm-none-eabi/lib/thumb/v7e-m+fp/hard\libc_nano.a(lib_a-nano-mallocr.o)
 .ARM.attributes
                0x00000504       0x34 c:/program files (x86)/gnu arm embedded toolchain/10 2020-q4-major/bin/../lib/gcc/arm-none-eabi/10.2.1/../../../../arm-none-eabi/lib/thumb/v7e-m+fp/hard\libc_nano.a(lib_a-nano-vfprintf.o)
 .ARM.attributes
                0x00000538       0x34 c:/program files (x86)/gnu arm embedded toolchain/10 2020-q4-major/bin/../lib/gcc/arm-none-eabi/10.2.1/../../../../arm-none-eabi/lib/thumb/v7e-m+fp/hard\libc_nano.a(lib_a-nano-vfprintf_i.o)
 .ARM.attributes
                0x0000056c       0x34 c:/program files (x86)/gnu arm embedded toolchain/10 2020-q4-major/bin/../lib/gcc/arm-none-eabi/10.2.1/../../../../arm-none-eabi/lib/thumb/v7e-m+fp/hard\libc_nano.a(lib_a-sbrkr.o)
 .ARM.attributes
                0x000005a0       0x34 c:/program files (x86)/gnu arm embedded toolchain/10 2020-q4-major/bin/../lib/gcc/arm-none-eabi/10.2.1/../../../../arm-none-eabi/lib/thumb/v7e-m+fp/hard\libc_nano.a(lib_a-stdio.o)
 .ARM.attributes
                0x000005d4       0x34 c:/program files (x86)/gnu arm embedded toolchain/10 2020-q4-major/bin/../lib/gcc/arm-none-eabi/10.2.1/../../../../arm-none-eabi/lib/thumb/v7e-m+fp/hard\libc_nano.a(lib_a-wbuf.o)
 .ARM.attributes
                0x00000608       0x34 c:/program files (x86)/gnu arm embedded toolchain/10 2020-q4-major/bin/../lib/gcc/arm-none-eabi/10.2.1/../../../../arm-none-eabi/lib/thumb/v7e-m+fp/hard\libc_nano.a(lib_a-writer.o)
 .ARM.attributes
                0x0000063c       0x34 c:/program files (x86)/gnu arm embedded toolchain/10 2020-q4-major/bin/../lib/gcc/arm-none-eabi/10.2.1/../../../../arm-none-eabi/lib/thumb/v7e-m+fp/hard\libc_nano.a(lib_a-wsetup.o)
 .ARM.attributes
                0x00000670       0x34 c:/program files (x86)/gnu arm embedded toolchain/10 2020-q4-major/bin/../lib/gcc/arm-none-eabi/10.2.1/../../../../arm-none-eabi/lib/thumb/v7e-m+fp/hard\libc_nano.a(lib_a-closer.o)
 .ARM.attributes
                0x000006a4       0x34 c:/program files (x86)/gnu arm embedded toolchain/10 2020-q4-major/bin/../lib/gcc/arm-none-eabi/10.2.1/../../../../arm-none-eabi/lib/thumb/v7e-m+fp/hard\libc_nano.a(lib_a-fflush.o)
 .ARM.attributes
                0x000006d8       0x34 c:/program files (x86)/gnu arm embedded toolchain/10 2020-q4-major/bin/../lib/gcc/arm-none-eabi/10.2.1/../../../../arm-none-eabi/lib/thumb/v7e-m+fp/hard\libc_nano.a(lib_a-lseekr.o)
 .ARM.attributes
                0x0000070c       0x34 c:/program files (x86)/gnu arm embedded toolchain/10 2020-q4-major/bin/../lib/gcc/arm-none-eabi/10.2.1/../../../../arm-none-eabi/lib/thumb/v7e-m+fp/hard\libc_nano.a(lib_a-makebuf.o)
 .ARM.attributes
                0x00000740       0x1c c:/program files (x86)/gnu arm embedded toolchain/10 2020-q4-major/bin/../lib/gcc/arm-none-eabi/10.2.1/../../../../arm-none-eabi/lib/thumb/v7e-m+fp/hard\libc_nano.a(lib_a-memchr.o)
 .ARM.attributes
                0x0000075c       0x34 c:/program files (x86)/gnu arm embedded toolchain/10 2020-q4-major/bin/../lib/gcc/arm-none-eabi/10.2.1/../../../../arm-none-eabi/lib/thumb/v7e-m+fp/hard\libc_nano.a(lib_a-mlock.o)
 .ARM.attributes
                0x00000790       0x34 c:/program files (x86)/gnu arm embedded toolchain/10 2020-q4-major/bin/../lib/gcc/arm-none-eabi/10.2.1/../../../../arm-none-eabi/lib/thumb/v7e-m+fp/hard\libc_nano.a(lib_a-nano-freer.o)
 .ARM.attributes
                0x000007c4       0x34 c:/program files (x86)/gnu arm embedded toolchain/10 2020-q4-major/bin/../lib/gcc/arm-none-eabi/10.2.1/../../../../arm-none-eabi/lib/thumb/v7e-m+fp/hard\libc_nano.a(lib_a-readr.o)
 .ARM.attributes
                0x000007f8       0x34 c:/program files (x86)/gnu arm embedded toolchain/10 2020-q4-major/bin/../lib/gcc/arm-none-eabi/10.2.1/../../../../arm-none-eabi/lib/thumb/v7e-m+fp/hard\libc_nano.a(lib_a-reent.o)
 .ARM.attributes
                0x0000082c       0x34 c:/program files (x86)/gnu arm embedded toolchain/10 2020-q4-major/bin/../lib/gcc/arm-none-eabi/10.2.1/../../../../arm-none-eabi/lib/thumb/v7e-m+fp/hard\libc_nano.a(lib_a-fstatr.o)
 .ARM.attributes
                0x00000860       0x34 c:/program files (x86)/gnu arm embedded toolchain/10 2020-q4-major/bin/../lib/gcc/arm-none-eabi/10.2.1/../../../../arm-none-eabi/lib/thumb/v7e-m+fp/hard\libc_nano.a(lib_a-isattyr.o)
 .ARM.attributes
                0x00000894       0x34 c:/program files (x86)/gnu arm embedded toolchain/10 2020-q4-major/bin/../lib/gcc/arm-none-eabi/10.2.1/../../../../arm-none-eabi/lib/thumb/v7e-m+fp/hard\libnosys.a(close.o)
 .ARM.attributes
                0x000008c8       0x34 c:/program files (x86)/gnu arm embedded toolchain/10 2020-q4-major/bin/../lib/gcc/arm-none-eabi/10.2.1/../../../../arm-none-eabi/lib/thumb/v7e-m+fp/hard\libnosys.a(fstat.o)
 .ARM.attributes
                0x000008fc       0x34 c:/program files (x86)/gnu arm embedded toolchain/10 2020-q4-major/bin/../lib/gcc/arm-none-eabi/10.2.1/../../../../arm-none-eabi/lib/thumb/v7e-m+fp/hard\libnosys.a(isatty.o)
 .ARM.attributes
                0x00000930       0x34 c:/program files (x86)/gnu arm embedded toolchain/10 2020-q4-major/bin/../lib/gcc/arm-none-eabi/10.2.1/../../../../arm-none-eabi/lib/thumb/v7e-m+fp/hard\libnosys.a(lseek.o)
 .ARM.attributes
                0x00000964       0x34 c:/program files (x86)/gnu arm embedded toolchain/10 2020-q4-major/bin/../lib/gcc/arm-none-eabi/10.2.1/../../../../arm-none-eabi/lib/thumb/v7e-m+fp/hard\libnosys.a(sbrk.o)
 .ARM.attributes
                0x00000998       0x34 c:/program files (x86)/gnu arm embedded toolchain/10 2020-q4-major/bin/../lib/gcc/arm-none-eabi/10.2.1/../../../../arm-none-eabi/lib/thumb/v7e-m+fp/hard\libnosys.a(_exit.o)
 .ARM.attributes
                0x000009cc       0x32 c:/program files (x86)/gnu arm embedded toolchain/10 2020-q4-major/bin/../lib/gcc/arm-none-eabi/10.2.1/thumb/v7e-m+fp/hard/crtend.o
 .ARM.attributes
                0x000009fe       0x1e c:/program files (x86)/gnu arm embedded toolchain/10 2020-q4-major/bin/../lib/gcc/arm-none-eabi/10.2.1/thumb/v7e-m+fp/hard/crtn.o

.comment        0x00000000       0x4d
 .comment       0x00000000       0x4d _build/nrf52840_xxaa/boards.c.o
                                 0x4e (size before relaxing)
 .comment       0x0000004d       0x4e _build/nrf52840_xxaa/app_error.c.o
 .comment       0x0000004d       0x4e _build/nrf52840_xxaa/app_error_weak.c.o
 .comment       0x0000004d       0x4e _build/nrf52840_xxaa/app_fifo.c.o
 .comment       0x0000004d       0x4e _build/nrf52840_xxaa/app_uart_fifo.c.o
 .comment       0x0000004d       0x4e _build/nrf52840_xxaa/app_util_platform.c.o
 .comment       0x0000004d       0x4e _build/nrf52840_xxaa/retarget.c.o
 .comment       0x0000004d       0x4e _build/nrf52840_xxaa/nrf_drv_uart.c.o
 .comment       0x0000004d       0x4e _build/nrf52840_xxaa/nrfx_prs.c.o
 .comment       0x0000004d       0x4e _build/nrf52840_xxaa/nrfx_uart.c.o
 .comment       0x0000004d       0x4e _build/nrf52840_xxaa/nrfx_uarte.c.o
 .comment       0x0000004d       0x4e _build/nrf52840_xxaa/main.c.o
 .comment       0x0000004d       0x4e _build/nrf52840_xxaa/system_nrf52840.c.o

.debug_line     0x00000000     0xa368
 .debug_line    0x00000000       0x89 _build/nrf52840_xxaa/gcc_startup_nrf52840.S.o
 .debug_line    0x00000089     0x107e _build/nrf52840_xxaa/boards.c.o
 .debug_line    0x00001107      0x5f1 _build/nrf52840_xxaa/app_error.c.o
 .debug_line    0x000016f8      0x7ce _build/nrf52840_xxaa/app_error_weak.c.o
 .debug_line    0x00001ec6      0x962 _build/nrf52840_xxaa/app_fifo.c.o
 .debug_line    0x00002828      0xe40 _build/nrf52840_xxaa/app_uart_fifo.c.o
 .debug_line    0x00003668      0x6bd _build/nrf52840_xxaa/app_util_platform.c.o
 .debug_line    0x00003d25      0x624 _build/nrf52840_xxaa/retarget.c.o
 .debug_line    0x00004349      0x874 _build/nrf52840_xxaa/nrf_drv_uart.c.o
 .debug_line    0x00004bbd      0x92a _build/nrf52840_xxaa/nrfx_prs.c.o
 .debug_line    0x000054e7     0x1f1d _build/nrf52840_xxaa/nrfx_uart.c.o
 .debug_line    0x00007404     0x1e73 _build/nrf52840_xxaa/nrfx_uarte.c.o
 .debug_line    0x00009277      0x8fa _build/nrf52840_xxaa/main.c.o
 .debug_line    0x00009b71      0x7f7 _build/nrf52840_xxaa/system_nrf52840.c.o

.debug_info     0x00000000     0xe4bc
 .debug_info    0x00000000       0x26 _build/nrf52840_xxaa/gcc_startup_nrf52840.S.o
 .debug_info    0x00000026      0xf10 _build/nrf52840_xxaa/boards.c.o
 .debug_info    0x00000f36      0x2c3 _build/nrf52840_xxaa/app_error.c.o
 .debug_info    0x000011f9      0x3b0 _build/nrf52840_xxaa/app_error_weak.c.o
 .debug_info    0x000015a9      0x6d0 _build/nrf52840_xxaa/app_fifo.c.o
 .debug_info    0x00001c79     0x186b _build/nrf52840_xxaa/app_uart_fifo.c.o
 .debug_info    0x000034e4      0x82c _build/nrf52840_xxaa/app_util_platform.c.o
 .debug_info    0x00003d10      0x191 _build/nrf52840_xxaa/retarget.c.o
 .debug_info    0x00003ea1     0x11eb _build/nrf52840_xxaa/nrf_drv_uart.c.o
 .debug_info    0x0000508c      0x778 _build/nrf52840_xxaa/nrfx_prs.c.o
 .debug_info    0x00005804     0x38c3 _build/nrf52840_xxaa/nrfx_uart.c.o
 .debug_info    0x000090c7     0x382e _build/nrf52840_xxaa/nrfx_uarte.c.o
 .debug_info    0x0000c8f5      0x4ef _build/nrf52840_xxaa/main.c.o
 .debug_info    0x0000cde4     0x16d8 _build/nrf52840_xxaa/system_nrf52840.c.o

.debug_abbrev   0x00000000     0x2002
 .debug_abbrev  0x00000000       0x14 _build/nrf52840_xxaa/gcc_startup_nrf52840.S.o
 .debug_abbrev  0x00000014      0x323 _build/nrf52840_xxaa/boards.c.o
 .debug_abbrev  0x00000337      0x13b _build/nrf52840_xxaa/app_error.c.o
 .debug_abbrev  0x00000472      0x185 _build/nrf52840_xxaa/app_error_weak.c.o
 .debug_abbrev  0x000005f7      0x185 _build/nrf52840_xxaa/app_fifo.c.o
 .debug_abbrev  0x0000077c      0x364 _build/nrf52840_xxaa/app_uart_fifo.c.o
 .debug_abbrev  0x00000ae0      0x260 _build/nrf52840_xxaa/app_util_platform.c.o
 .debug_abbrev  0x00000d40       0xd8 _build/nrf52840_xxaa/retarget.c.o
 .debug_abbrev  0x00000e18      0x22a _build/nrf52840_xxaa/nrf_drv_uart.c.o
 .debug_abbrev  0x00001042      0x259 _build/nrf52840_xxaa/nrfx_prs.c.o
 .debug_abbrev  0x0000129b      0x4d0 _build/nrf52840_xxaa/nrfx_uart.c.o
 .debug_abbrev  0x0000176b      0x493 _build/nrf52840_xxaa/nrfx_uarte.c.o
 .debug_abbrev  0x00001bfe      0x1a9 _build/nrf52840_xxaa/main.c.o
 .debug_abbrev  0x00001da7      0x25b _build/nrf52840_xxaa/system_nrf52840.c.o

.debug_aranges  0x00000000      0x378
 .debug_aranges
                0x00000000       0x20 _build/nrf52840_xxaa/gcc_startup_nrf52840.S.o
 .debug_aranges
                0x00000020       0x78 _build/nrf52840_xxaa/boards.c.o
 .debug_aranges
                0x00000098       0x28 _build/nrf52840_xxaa/app_error.c.o
 .debug_aranges
                0x000000c0       0x20 _build/nrf52840_xxaa/app_error_weak.c.o
 .debug_aranges
                0x000000e0       0x50 _build/nrf52840_xxaa/app_fifo.c.o
 .debug_aranges
                0x00000130       0x48 _build/nrf52840_xxaa/app_uart_fifo.c.o
 .debug_aranges
                0x00000178       0x48 _build/nrf52840_xxaa/app_util_platform.c.o
 .debug_aranges
                0x000001c0       0x28 _build/nrf52840_xxaa/retarget.c.o
 .debug_aranges
                0x000001e8       0x30 _build/nrf52840_xxaa/nrf_drv_uart.c.o
 .debug_aranges
                0x00000218       0x30 _build/nrf52840_xxaa/nrfx_prs.c.o
 .debug_aranges
                0x00000248       0x78 _build/nrf52840_xxaa/nrfx_uart.c.o
 .debug_aranges
                0x000002c0       0x68 _build/nrf52840_xxaa/nrfx_uarte.c.o
 .debug_aranges
                0x00000328       0x28 _build/nrf52840_xxaa/main.c.o
 .debug_aranges
                0x00000350       0x28 _build/nrf52840_xxaa/system_nrf52840.c.o

.debug_str      0x00000000    0x8de0b
 .debug_str     0x00000000       0xb4 _build/nrf52840_xxaa/gcc_startup_nrf52840.S.o
 .debug_str     0x000000b4    0x86af8 _build/nrf52840_xxaa/boards.c.o
                              0x87e47 (size before relaxing)
 .debug_str     0x00086bac      0x116 _build/nrf52840_xxaa/app_error.c.o
                              0x79af5 (size before relaxing)
 .debug_str     0x00086cc2     0x3047 _build/nrf52840_xxaa/app_error_weak.c.o
                              0x868fc (size before relaxing)
 .debug_str     0x00089d09      0x224 _build/nrf52840_xxaa/app_fifo.c.o
                              0x831ab (size before relaxing)
 .debug_str     0x00089f2d     0x167e _build/nrf52840_xxaa/app_uart_fifo.c.o
                              0x88392 (size before relaxing)
 .debug_str     0x0008b5ab      0x388 _build/nrf52840_xxaa/app_util_platform.c.o
                              0x7a364 (size before relaxing)
 .debug_str     0x0008b933       0x43 _build/nrf52840_xxaa/retarget.c.o
                              0x83ff5 (size before relaxing)
 .debug_str     0x0008b976      0x481 _build/nrf52840_xxaa/nrf_drv_uart.c.o
                              0x87a80 (size before relaxing)
 .debug_str     0x0008bdf7      0x614 _build/nrf52840_xxaa/nrfx_prs.c.o
                              0x899b7 (size before relaxing)
 .debug_str     0x0008c40b      0x722 _build/nrf52840_xxaa/nrfx_uart.c.o
                              0x8abcc (size before relaxing)
 .debug_str     0x0008cb2d      0x909 _build/nrf52840_xxaa/nrfx_uarte.c.o
                              0x8b05e (size before relaxing)
 .debug_str     0x0008d436      0x38a _build/nrf52840_xxaa/main.c.o
                              0x8839f (size before relaxing)
 .debug_str     0x0008d7c0      0x64b _build/nrf52840_xxaa/system_nrf52840.c.o
                              0x75c14 (size before relaxing)

.debug_loc      0x00000000     0x66ad
 .debug_loc     0x00000000      0xe10 _build/nrf52840_xxaa/boards.c.o
 .debug_loc     0x00000e10       0xc8 _build/nrf52840_xxaa/app_error.c.o
 .debug_loc     0x00000ed8       0x4a _build/nrf52840_xxaa/app_error_weak.c.o
 .debug_loc     0x00000f22      0x744 _build/nrf52840_xxaa/app_fifo.c.o
 .debug_loc     0x00001666      0x96e _build/nrf52840_xxaa/app_uart_fifo.c.o
 .debug_loc     0x00001fd4      0x11a _build/nrf52840_xxaa/app_util_platform.c.o
 .debug_loc     0x000020ee       0xf1 _build/nrf52840_xxaa/retarget.c.o
 .debug_loc     0x000021df      0x1d6 _build/nrf52840_xxaa/nrf_drv_uart.c.o
 .debug_loc     0x000023b5      0x10e _build/nrf52840_xxaa/nrfx_prs.c.o
 .debug_loc     0x000024c3     0x1f97 _build/nrf52840_xxaa/nrfx_uart.c.o
 .debug_loc     0x0000445a     0x2058 _build/nrf52840_xxaa/nrfx_uarte.c.o
 .debug_loc     0x000064b2       0x69 _build/nrf52840_xxaa/main.c.o
 .debug_loc     0x0000651b      0x192 _build/nrf52840_xxaa/system_nrf52840.c.o

.debug_ranges   0x00000000     0x1860
 .debug_ranges  0x00000000      0x870 _build/nrf52840_xxaa/boards.c.o
 .debug_ranges  0x00000870       0x18 _build/nrf52840_xxaa/app_error.c.o
 .debug_ranges  0x00000888       0x10 _build/nrf52840_xxaa/app_error_weak.c.o
 .debug_ranges  0x00000898      0x138 _build/nrf52840_xxaa/app_fifo.c.o
 .debug_ranges  0x000009d0      0x168 _build/nrf52840_xxaa/app_uart_fifo.c.o
 .debug_ranges  0x00000b38       0x38 _build/nrf52840_xxaa/app_util_platform.c.o
 .debug_ranges  0x00000b70       0x18 _build/nrf52840_xxaa/retarget.c.o
 .debug_ranges  0x00000b88       0x20 _build/nrf52840_xxaa/nrf_drv_uart.c.o
 .debug_ranges  0x00000ba8       0x38 _build/nrf52840_xxaa/nrfx_prs.c.o
 .debug_ranges  0x00000be0      0x618 _build/nrf52840_xxaa/nrfx_uart.c.o
 .debug_ranges  0x000011f8      0x580 _build/nrf52840_xxaa/nrfx_uarte.c.o
 .debug_ranges  0x00001778       0x30 _build/nrf52840_xxaa/main.c.o
 .debug_ranges  0x000017a8       0xb8 _build/nrf52840_xxaa/system_nrf52840.c.o

.debug_macro    0x00000000     0x40b4
 .debug_macro   0x00000000      0x33e _build/nrf52840_xxaa/boards.c.o
 .debug_macro   0x0000033e       0xfb _build/nrf52840_xxaa/boards.c.o
 .debug_macro   0x00000439       0x40 _build/nrf52840_xxaa/boards.c.o
 .debug_macro   0x00000479      0x462 _build/nrf52840_xxaa/boards.c.o
 .debug_macro   0x000008db       0x59 _build/nrf52840_xxaa/boards.c.o
 .debug_macro   0x00000934      0x145 _build/nrf52840_xxaa/boards.c.o
 .debug_macro   0x00000a79      0x14e _build/nrf52840_xxaa/boards.c.o
 .debug_macro   0x00000bc7       0x3f _build/nrf52840_xxaa/boards.c.o
 .debug_macro   0x00000c06       0x16 _build/nrf52840_xxaa/boards.c.o
 .debug_macro   0x00000c1c       0x10 _build/nrf52840_xxaa/boards.c.o
 .debug_macro   0x00000c2c       0xbe _build/nrf52840_xxaa/boards.c.o
 .debug_macro   0x00000cea       0x16 _build/nrf52840_xxaa/boards.c.o
 .debug_macro   0x00000d00      0x129 _build/nrf52840_xxaa/boards.c.o
 .debug_macro   0x00000e29       0x49 _build/nrf52840_xxaa/boards.c.o
 .debug_macro   0x00000e72       0x8c _build/nrf52840_xxaa/boards.c.o
 .debug_macro   0x00000efe       0x19 _build/nrf52840_xxaa/boards.c.o
 .debug_macro   0x00000f17       0x1d _build/nrf52840_xxaa/boards.c.o
 .debug_macro   0x00000f34       0x35 _build/nrf52840_xxaa/boards.c.o
 .debug_macro   0x00000f69       0x7b _build/nrf52840_xxaa/boards.c.o
 .debug_macro   0x00000fe4       0x64 _build/nrf52840_xxaa/boards.c.o
 .debug_macro   0x00001048       0x20 _build/nrf52840_xxaa/boards.c.o
 .debug_macro   0x00001068       0x1c _build/nrf52840_xxaa/boards.c.o
 .debug_macro   0x00001084      0x20f _build/nrf52840_xxaa/boards.c.o
 .debug_macro   0x00001293      0x16d _build/nrf52840_xxaa/boards.c.o
 .debug_macro   0x00001400      0x21d _build/nrf52840_xxaa/app_error.c.o
 .debug_macro   0x0000161d       0x97 _build/nrf52840_xxaa/app_error.c.o
 .debug_macro   0x000016b4       0xf6 _build/nrf52840_xxaa/app_error.c.o
 .debug_macro   0x000017aa      0x312 _build/nrf52840_xxaa/app_error_weak.c.o
 .debug_macro   0x00001abc       0x16 _build/nrf52840_xxaa/app_error_weak.c.o
 .debug_macro   0x00001ad2       0x31 _build/nrf52840_xxaa/app_error_weak.c.o
 .debug_macro   0x00001b03       0x16 _build/nrf52840_xxaa/app_error_weak.c.o
 .debug_macro   0x00001b19       0x55 _build/nrf52840_xxaa/app_error_weak.c.o
 .debug_macro   0x00001b6e      0x17f _build/nrf52840_xxaa/app_error_weak.c.o
 .debug_macro   0x00001ced       0x9a _build/nrf52840_xxaa/app_error_weak.c.o
 .debug_macro   0x00001d87       0x28 _build/nrf52840_xxaa/app_error_weak.c.o
 .debug_macro   0x00001daf       0x23 _build/nrf52840_xxaa/app_error_weak.c.o
 .debug_macro   0x00001dd2       0x1c _build/nrf52840_xxaa/app_error_weak.c.o
 .debug_macro   0x00001dee       0x92 _build/nrf52840_xxaa/app_error_weak.c.o
 .debug_macro   0x00001e80      0x24c _build/nrf52840_xxaa/app_fifo.c.o
 .debug_macro   0x000020cc       0x16 _build/nrf52840_xxaa/app_fifo.c.o
 .debug_macro   0x000020e2       0x22 _build/nrf52840_xxaa/app_fifo.c.o
 .debug_macro   0x00002104      0x3e7 _build/nrf52840_xxaa/app_uart_fifo.c.o
 .debug_macro   0x000024eb       0x18 _build/nrf52840_xxaa/app_uart_fifo.c.o
 .debug_macro   0x00002503       0x10 _build/nrf52840_xxaa/app_uart_fifo.c.o
 .debug_macro   0x00002513       0x10 _build/nrf52840_xxaa/app_uart_fifo.c.o
 .debug_macro   0x00002523       0x10 _build/nrf52840_xxaa/app_uart_fifo.c.o
 .debug_macro   0x00002533       0x10 _build/nrf52840_xxaa/app_uart_fifo.c.o
 .debug_macro   0x00002543       0x10 _build/nrf52840_xxaa/app_uart_fifo.c.o
 .debug_macro   0x00002553       0x3f _build/nrf52840_xxaa/app_uart_fifo.c.o
 .debug_macro   0x00002592      0x239 _build/nrf52840_xxaa/app_util_platform.c.o
 .debug_macro   0x000027cb      0x2a1 _build/nrf52840_xxaa/retarget.c.o
 .debug_macro   0x00002a6c      0x367 _build/nrf52840_xxaa/nrf_drv_uart.c.o
 .debug_macro   0x00002dd3      0x3ca _build/nrf52840_xxaa/nrfx_prs.c.o
 .debug_macro   0x0000319d       0x28 _build/nrf52840_xxaa/nrfx_prs.c.o
 .debug_macro   0x000031c5       0x1c _build/nrf52840_xxaa/nrfx_prs.c.o
 .debug_macro   0x000031e1       0x37 _build/nrf52840_xxaa/nrfx_prs.c.o
 .debug_macro   0x00003218       0x10 _build/nrf52840_xxaa/nrfx_prs.c.o
 .debug_macro   0x00003228      0x179 _build/nrf52840_xxaa/nrfx_prs.c.o
 .debug_macro   0x000033a1       0x42 _build/nrf52840_xxaa/nrfx_prs.c.o
 .debug_macro   0x000033e3      0x3e5 _build/nrf52840_xxaa/nrfx_uart.c.o
 .debug_macro   0x000037c8       0x22 _build/nrf52840_xxaa/nrfx_uart.c.o
 .debug_macro   0x000037ea      0x403 _build/nrf52840_xxaa/nrfx_uarte.c.o
 .debug_macro   0x00003bed      0x395 _build/nrf52840_xxaa/main.c.o
 .debug_macro   0x00003f82      0x132 _build/nrf52840_xxaa/system_nrf52840.c.o

.debug_frame    0x00000000     0x1114
 .debug_frame   0x00000000       0xf4 _build/nrf52840_xxaa/boards.c.o
 .debug_frame   0x000000f4       0x4c _build/nrf52840_xxaa/app_error.c.o
 .debug_frame   0x00000140       0x20 _build/nrf52840_xxaa/app_error_weak.c.o
 .debug_frame   0x00000160       0xe4 _build/nrf52840_xxaa/app_fifo.c.o
 .debug_frame   0x00000244      0x100 _build/nrf52840_xxaa/app_uart_fifo.c.o
 .debug_frame   0x00000344       0x70 _build/nrf52840_xxaa/app_util_platform.c.o
 .debug_frame   0x000003b4       0x44 _build/nrf52840_xxaa/retarget.c.o
 .debug_frame   0x000003f8       0x7c _build/nrf52840_xxaa/nrf_drv_uart.c.o
 .debug_frame   0x00000474       0x4c _build/nrf52840_xxaa/nrfx_prs.c.o
 .debug_frame   0x000004c0      0x180 _build/nrf52840_xxaa/nrfx_uart.c.o
 .debug_frame   0x00000640      0x188 _build/nrf52840_xxaa/nrfx_uarte.c.o
 .debug_frame   0x000007c8       0x3c _build/nrf52840_xxaa/main.c.o
 .debug_frame   0x00000804       0x3c _build/nrf52840_xxaa/system_nrf52840.c.o
 .debug_frame   0x00000840       0x28 c:/program files (x86)/gnu arm embedded toolchain/10 2020-q4-major/bin/../lib/gcc/arm-none-eabi/10.2.1/../../../../arm-none-eabi/lib/thumb/v7e-m+fp/hard\libc_nano.a(lib_a-exit.o)
 .debug_frame   0x00000868       0x2c c:/program files (x86)/gnu arm embedded toolchain/10 2020-q4-major/bin/../lib/gcc/arm-none-eabi/10.2.1/../../../../arm-none-eabi/lib/thumb/v7e-m+fp/hard\libc_nano.a(lib_a-init.o)
 .debug_frame   0x00000894       0x20 c:/program files (x86)/gnu arm embedded toolchain/10 2020-q4-major/bin/../lib/gcc/arm-none-eabi/10.2.1/../../../../arm-none-eabi/lib/thumb/v7e-m+fp/hard\libc_nano.a(lib_a-memset.o)
 .debug_frame   0x000008b4       0x74 c:/program files (x86)/gnu arm embedded toolchain/10 2020-q4-major/bin/../lib/gcc/arm-none-eabi/10.2.1/../../../../arm-none-eabi/lib/thumb/v7e-m+fp/hard\libc_nano.a(lib_a-printf.o)
 .debug_frame   0x00000928      0x14c c:/program files (x86)/gnu arm embedded toolchain/10 2020-q4-major/bin/../lib/gcc/arm-none-eabi/10.2.1/../../../../arm-none-eabi/lib/thumb/v7e-m+fp/hard\libc_nano.a(lib_a-findfp.o)
 .debug_frame   0x00000a74       0x54 c:/program files (x86)/gnu arm embedded toolchain/10 2020-q4-major/bin/../lib/gcc/arm-none-eabi/10.2.1/../../../../arm-none-eabi/lib/thumb/v7e-m+fp/hard\libc_nano.a(lib_a-fwalk.o)
 .debug_frame   0x00000ac8       0xb0 c:/program files (x86)/gnu arm embedded toolchain/10 2020-q4-major/bin/../lib/gcc/arm-none-eabi/10.2.1/../../../../arm-none-eabi/lib/thumb/v7e-m+fp/hard\libc_nano.a(lib_a-lock.o)
 .debug_frame   0x00000b78       0x30 c:/program files (x86)/gnu arm embedded toolchain/10 2020-q4-major/bin/../lib/gcc/arm-none-eabi/10.2.1/../../../../arm-none-eabi/lib/thumb/v7e-m+fp/hard\libc_nano.a(lib_a-nano-mallocr.o)
 .debug_frame   0x00000ba8       0xac c:/program files (x86)/gnu arm embedded toolchain/10 2020-q4-major/bin/../lib/gcc/arm-none-eabi/10.2.1/../../../../arm-none-eabi/lib/thumb/v7e-m+fp/hard\libc_nano.a(lib_a-nano-vfprintf.o)
 .debug_frame   0x00000c54       0x60 c:/program files (x86)/gnu arm embedded toolchain/10 2020-q4-major/bin/../lib/gcc/arm-none-eabi/10.2.1/../../../../arm-none-eabi/lib/thumb/v7e-m+fp/hard\libc_nano.a(lib_a-nano-vfprintf_i.o)
 .debug_frame   0x00000cb4       0x2c c:/program files (x86)/gnu arm embedded toolchain/10 2020-q4-major/bin/../lib/gcc/arm-none-eabi/10.2.1/../../../../arm-none-eabi/lib/thumb/v7e-m+fp/hard\libc_nano.a(lib_a-sbrkr.o)
 .debug_frame   0x00000ce0       0x88 c:/program files (x86)/gnu arm embedded toolchain/10 2020-q4-major/bin/../lib/gcc/arm-none-eabi/10.2.1/../../../../arm-none-eabi/lib/thumb/v7e-m+fp/hard\libc_nano.a(lib_a-stdio.o)
 .debug_frame   0x00000d68       0x40 c:/program files (x86)/gnu arm embedded toolchain/10 2020-q4-major/bin/../lib/gcc/arm-none-eabi/10.2.1/../../../../arm-none-eabi/lib/thumb/v7e-m+fp/hard\libc_nano.a(lib_a-wbuf.o)
 .debug_frame   0x00000da8       0x2c c:/program files (x86)/gnu arm embedded toolchain/10 2020-q4-major/bin/../lib/gcc/arm-none-eabi/10.2.1/../../../../arm-none-eabi/lib/thumb/v7e-m+fp/hard\libc_nano.a(lib_a-writer.o)
 .debug_frame   0x00000dd4       0x2c c:/program files (x86)/gnu arm embedded toolchain/10 2020-q4-major/bin/../lib/gcc/arm-none-eabi/10.2.1/../../../../arm-none-eabi/lib/thumb/v7e-m+fp/hard\libc_nano.a(lib_a-wsetup.o)
 .debug_frame   0x00000e00       0x2c c:/program files (x86)/gnu arm embedded toolchain/10 2020-q4-major/bin/../lib/gcc/arm-none-eabi/10.2.1/../../../../arm-none-eabi/lib/thumb/v7e-m+fp/hard\libc_nano.a(lib_a-closer.o)
 .debug_frame   0x00000e2c       0x5c c:/program files (x86)/gnu arm embedded toolchain/10 2020-q4-major/bin/../lib/gcc/arm-none-eabi/10.2.1/../../../../arm-none-eabi/lib/thumb/v7e-m+fp/hard\libc_nano.a(lib_a-fflush.o)
 .debug_frame   0x00000e88       0x2c c:/program files (x86)/gnu arm embedded toolchain/10 2020-q4-major/bin/../lib/gcc/arm-none-eabi/10.2.1/../../../../arm-none-eabi/lib/thumb/v7e-m+fp/hard\libc_nano.a(lib_a-lseekr.o)
 .debug_frame   0x00000eb4       0x58 c:/program files (x86)/gnu arm embedded toolchain/10 2020-q4-major/bin/../lib/gcc/arm-none-eabi/10.2.1/../../../../arm-none-eabi/lib/thumb/v7e-m+fp/hard\libc_nano.a(lib_a-makebuf.o)
 .debug_frame   0x00000f0c       0x30 c:/program files (x86)/gnu arm embedded toolchain/10 2020-q4-major/bin/../lib/gcc/arm-none-eabi/10.2.1/../../../../arm-none-eabi/lib/thumb/v7e-m+fp/hard\libc_nano.a(lib_a-mlock.o)
 .debug_frame   0x00000f3c       0x38 c:/program files (x86)/gnu arm embedded toolchain/10 2020-q4-major/bin/../lib/gcc/arm-none-eabi/10.2.1/../../../../arm-none-eabi/lib/thumb/v7e-m+fp/hard\libc_nano.a(lib_a-nano-freer.o)
 .debug_frame   0x00000f74       0x2c c:/program files (x86)/gnu arm embedded toolchain/10 2020-q4-major/bin/../lib/gcc/arm-none-eabi/10.2.1/../../../../arm-none-eabi/lib/thumb/v7e-m+fp/hard\libc_nano.a(lib_a-readr.o)
 .debug_frame   0x00000fa0       0x5c c:/program files (x86)/gnu arm embedded toolchain/10 2020-q4-major/bin/../lib/gcc/arm-none-eabi/10.2.1/../../../../arm-none-eabi/lib/thumb/v7e-m+fp/hard\libc_nano.a(lib_a-reent.o)
 .debug_frame   0x00000ffc       0x2c c:/program files (x86)/gnu arm embedded toolchain/10 2020-q4-major/bin/../lib/gcc/arm-none-eabi/10.2.1/../../../../arm-none-eabi/lib/thumb/v7e-m+fp/hard\libc_nano.a(lib_a-fstatr.o)
 .debug_frame   0x00001028       0x2c c:/program files (x86)/gnu arm embedded toolchain/10 2020-q4-major/bin/../lib/gcc/arm-none-eabi/10.2.1/../../../../arm-none-eabi/lib/thumb/v7e-m+fp/hard\libc_nano.a(lib_a-isattyr.o)
 .debug_frame   0x00001054       0x20 c:/program files (x86)/gnu arm embedded toolchain/10 2020-q4-major/bin/../lib/gcc/arm-none-eabi/10.2.1/../../../../arm-none-eabi/lib/thumb/v7e-m+fp/hard\libnosys.a(close.o)
 .debug_frame   0x00001074       0x20 c:/program files (x86)/gnu arm embedded toolchain/10 2020-q4-major/bin/../lib/gcc/arm-none-eabi/10.2.1/../../../../arm-none-eabi/lib/thumb/v7e-m+fp/hard\libnosys.a(fstat.o)
 .debug_frame   0x00001094       0x20 c:/program files (x86)/gnu arm embedded toolchain/10 2020-q4-major/bin/../lib/gcc/arm-none-eabi/10.2.1/../../../../arm-none-eabi/lib/thumb/v7e-m+fp/hard\libnosys.a(isatty.o)
 .debug_frame   0x000010b4       0x20 c:/program files (x86)/gnu arm embedded toolchain/10 2020-q4-major/bin/../lib/gcc/arm-none-eabi/10.2.1/../../../../arm-none-eabi/lib/thumb/v7e-m+fp/hard\libnosys.a(lseek.o)
 .debug_frame   0x000010d4       0x20 c:/program files (x86)/gnu arm embedded toolchain/10 2020-q4-major/bin/../lib/gcc/arm-none-eabi/10.2.1/../../../../arm-none-eabi/lib/thumb/v7e-m+fp/hard\libnosys.a(sbrk.o)
 .debug_frame   0x000010f4       0x20 c:/program files (x86)/gnu arm embedded toolchain/10 2020-q4-major/bin/../lib/gcc/arm-none-eabi/10.2.1/../../../../arm-none-eabi/lib/thumb/v7e-m+fp/hard\libnosys.a(_exit.o)

.stab           0x00000000       0x6c
 .stab          0x00000000       0x24 c:/program files (x86)/gnu arm embedded toolchain/10 2020-q4-major/bin/../lib/gcc/arm-none-eabi/10.2.1/../../../../arm-none-eabi/lib/thumb/v7e-m+fp/hard\libnosys.a(close.o)
 .stab          0x00000024       0x18 c:/program files (x86)/gnu arm embedded toolchain/10 2020-q4-major/bin/../lib/gcc/arm-none-eabi/10.2.1/../../../../arm-none-eabi/lib/thumb/v7e-m+fp/hard\libnosys.a(fstat.o)
                                 0x24 (size before relaxing)
 .stab          0x0000003c       0x18 c:/program files (x86)/gnu arm embedded toolchain/10 2020-q4-major/bin/../lib/gcc/arm-none-eabi/10.2.1/../../../../arm-none-eabi/lib/thumb/v7e-m+fp/hard\libnosys.a(isatty.o)
                                 0x24 (size before relaxing)
 .stab          0x00000054       0x18 c:/program files (x86)/gnu arm embedded toolchain/10 2020-q4-major/bin/../lib/gcc/arm-none-eabi/10.2.1/../../../../arm-none-eabi/lib/thumb/v7e-m+fp/hard\libnosys.a(lseek.o)
                                 0x24 (size before relaxing)

.stabstr        0x00000000       0xe3
 .stabstr       0x00000000       0xe3 c:/program files (x86)/gnu arm embedded toolchain/10 2020-q4-major/bin/../lib/gcc/arm-none-eabi/10.2.1/../../../../arm-none-eabi/lib/thumb/v7e-m+fp/hard\libnosys.a(close.o)
