###############################################################################
#
# IAR ELF Linker V8.40.1.212/W32 for ARM                  07/Aug/2021  19:13:21
# Copyright 2007-2019 IAR Systems AB.
#
#    Output file  =
#        C:\DeviceDownload\nRF5SDK1702d674dde\nRF5_SDK_17.0.2_d674dde\examples\peripheral\blinky\pca10056\blank\iar\_build\blinky_pca10056.out
#    Map file     =
#        C:\DeviceDownload\nRF5SDK1702d674dde\nRF5_SDK_17.0.2_d674dde\examples\peripheral\blinky\pca10056\blank\iar\_build\blinky_pca10056.map
#    Command line =
#        -f C:\Users\Dell\AppData\Local\Temp\EWE7A.tmp
#        (C:\DeviceDownload\nRF5SDK1702d674dde\nRF5_SDK_17.0.2_d674dde\examples\peripheral\blinky\pca10056\blank\iar\_build\app_error.o
#        C:\DeviceDownload\nRF5SDK1702d674dde\nRF5_SDK_17.0.2_d674dde\examples\peripheral\blinky\pca10056\blank\iar\_build\app_error_handler_iar.o
#        C:\DeviceDownload\nRF5SDK1702d674dde\nRF5_SDK_17.0.2_d674dde\examples\peripheral\blinky\pca10056\blank\iar\_build\app_error_weak.o
#        C:\DeviceDownload\nRF5SDK1702d674dde\nRF5_SDK_17.0.2_d674dde\examples\peripheral\blinky\pca10056\blank\iar\_build\app_util_platform.o
#        C:\DeviceDownload\nRF5SDK1702d674dde\nRF5_SDK_17.0.2_d674dde\examples\peripheral\blinky\pca10056\blank\iar\_build\boards.o
#        C:\DeviceDownload\nRF5SDK1702d674dde\nRF5_SDK_17.0.2_d674dde\examples\peripheral\blinky\pca10056\blank\iar\_build\iar_startup_nrf52840.o
#        C:\DeviceDownload\nRF5SDK1702d674dde\nRF5_SDK_17.0.2_d674dde\examples\peripheral\blinky\pca10056\blank\iar\_build\main.o
#        C:\DeviceDownload\nRF5SDK1702d674dde\nRF5_SDK_17.0.2_d674dde\examples\peripheral\blinky\pca10056\blank\iar\_build\nrf_assert.o
#        C:\DeviceDownload\nRF5SDK1702d674dde\nRF5_SDK_17.0.2_d674dde\examples\peripheral\blinky\pca10056\blank\iar\_build\nrf_atomic.o
#        C:\DeviceDownload\nRF5SDK1702d674dde\nRF5_SDK_17.0.2_d674dde\examples\peripheral\blinky\pca10056\blank\iar\_build\nrf_balloc.o
#        C:\DeviceDownload\nRF5SDK1702d674dde\nRF5_SDK_17.0.2_d674dde\examples\peripheral\blinky\pca10056\blank\iar\_build\nrf_fprintf.o
#        C:\DeviceDownload\nRF5SDK1702d674dde\nRF5_SDK_17.0.2_d674dde\examples\peripheral\blinky\pca10056\blank\iar\_build\nrf_fprintf_format.o
#        C:\DeviceDownload\nRF5SDK1702d674dde\nRF5_SDK_17.0.2_d674dde\examples\peripheral\blinky\pca10056\blank\iar\_build\nrf_log_frontend.o
#        C:\DeviceDownload\nRF5SDK1702d674dde\nRF5_SDK_17.0.2_d674dde\examples\peripheral\blinky\pca10056\blank\iar\_build\nrf_log_str_formatter.o
#        C:\DeviceDownload\nRF5SDK1702d674dde\nRF5_SDK_17.0.2_d674dde\examples\peripheral\blinky\pca10056\blank\iar\_build\nrf_memobj.o
#        C:\DeviceDownload\nRF5SDK1702d674dde\nRF5_SDK_17.0.2_d674dde\examples\peripheral\blinky\pca10056\blank\iar\_build\nrf_ringbuf.o
#        C:\DeviceDownload\nRF5SDK1702d674dde\nRF5_SDK_17.0.2_d674dde\examples\peripheral\blinky\pca10056\blank\iar\_build\nrf_strerror.o
#        C:\DeviceDownload\nRF5SDK1702d674dde\nRF5_SDK_17.0.2_d674dde\examples\peripheral\blinky\pca10056\blank\iar\_build\nrfx_atomic.o
#        C:\DeviceDownload\nRF5SDK1702d674dde\nRF5_SDK_17.0.2_d674dde\examples\peripheral\blinky\pca10056\blank\iar\_build\system_nrf52840.o
#        --redirect _Printf=_PrintfFull --redirect _Scanf=_ScanfFull
#        --no_out_extension -o
#        C:\DeviceDownload\nRF5SDK1702d674dde\nRF5_SDK_17.0.2_d674dde\examples\peripheral\blinky\pca10056\blank\iar\_build\blinky_pca10056.out
#        --map
#        C:\DeviceDownload\nRF5SDK1702d674dde\nRF5_SDK_17.0.2_d674dde\examples\peripheral\blinky\pca10056\blank\iar\_build\blinky_pca10056.map
#        --config
#        C:\DeviceDownload\nRF5SDK1702d674dde\nRF5_SDK_17.0.2_d674dde\examples\peripheral\blinky\pca10056\blank\iar\blinky_iar_nRF5x.icf
#        --warnings_are_errors --entry __iar_program_start --inline --vfe
#        --text_out locale)
#
###############################################################################

*******************************************************************************
*** RUNTIME MODEL ATTRIBUTES
***

CppFlavor       = *
__SystemLibrary = DLib
__dlib_version  = 6


*******************************************************************************
*** HEAP SELECTION
***

The basic heap was selected because no calls to memory allocation
functions were found in the application outside of system library
functions, and there are calls to deallocation functions in the
application.


*******************************************************************************
*** PLACEMENT SUMMARY
***

"A0":  place at address 0x0 { ro section .intvec };
define block RO_END with size = 0, alignment = 8 { };
"P1":  place in [from 0x0 to 0xf'ffff] { ro, block RO_END };
define block CSTACK with size = 8K, alignment = 8 { };
define block HEAP with size = 8K, alignment = 8 { };
"P2":  place in [from 0x2000'0000 to 0x2003'ffff] {
          rw, block CSTACK, block HEAP };
initialize by copy { rw };
keep { section .intvec };

  Section            Kind         Address    Size  Object
  -------            ----         -------    ----  ------
"A0":                                       0x200
  .intvec            ro code          0x0   0x200  iar_startup_nrf52840.o [1]
                                  - 0x200   0x200

"P1":                                       0x428
  .text              ro code        0x200   0x188  system_nrf52840.o [1]
  .text              ro code        0x388   0x114  boards.o [1]
  .text              ro code        0x4a0    0x38  main.o [1]
  .text              ro code        0x4d8    0x2e  copy_init3.o [4]
  .text              ro code        0x506     0x2  iar_startup_nrf52840.o [1]
  .text              ro code        0x508    0x28  data_init.o [4]
  .text              ro code        0x530    0x22  fpinit_M.o [3]
  .iar.init_table    const          0x554    0x14  - Linker created -
  .text              ro code        0x568     0x2  iar_startup_nrf52840.o [1]
  .text              ro code        0x56c    0x1e  cmain.o [4]
  .text              ro code        0x58a     0x4  exit.o [2]
  .text              ro code        0x58e     0x2  iar_startup_nrf52840.o [1]
  .text              ro code        0x590     0xa  cexit.o [4]
  .text              ro code        0x59a     0x2  iar_startup_nrf52840.o [1]
  .text              ro code        0x59c     0xc  XXexit.o [4]
  .text              ro code        0x5a8    0x10  iar_startup_nrf52840.o [1]
  .text              ro code        0x5b8     0xc  cstartup_M.o [4]
  Initializer bytes  const          0x5c4     0x4  <for P2-1>
  .text              ro code        0x5c8     0x2  iar_startup_nrf52840.o [1]
  .text              ro code        0x5ca     0x2  iar_startup_nrf52840.o [1]
  .text              ro code        0x5cc     0x2  iar_startup_nrf52840.o [1]
  .text              ro code        0x5ce     0x2  iar_startup_nrf52840.o [1]
  .text              ro code        0x5d0     0x2  iar_startup_nrf52840.o [1]
  .text              ro code        0x5d2     0x2  iar_startup_nrf52840.o [1]
  .text              ro code        0x5d4     0x2  iar_startup_nrf52840.o [1]
  .text              ro code        0x5d6     0x2  iar_startup_nrf52840.o [1]
  .text              ro code        0x5d8     0x2  iar_startup_nrf52840.o [1]
  .text              ro code        0x5da     0x2  iar_startup_nrf52840.o [1]
  .text              ro code        0x5dc     0x2  iar_startup_nrf52840.o [1]
  .text              ro code        0x5de     0x2  iar_startup_nrf52840.o [1]
  .text              ro code        0x5e0     0x2  iar_startup_nrf52840.o [1]
  .text              ro code        0x5e2     0x2  iar_startup_nrf52840.o [1]
  .text              ro code        0x5e4     0x2  iar_startup_nrf52840.o [1]
  .text              ro code        0x5e6     0x2  iar_startup_nrf52840.o [1]
  .text              ro code        0x5e8     0x2  iar_startup_nrf52840.o [1]
  .text              ro code        0x5ea     0x2  iar_startup_nrf52840.o [1]
  .text              ro code        0x5ec     0x2  iar_startup_nrf52840.o [1]
  .text              ro code        0x5ee     0x2  iar_startup_nrf52840.o [1]
  .text              ro code        0x5f0     0x2  iar_startup_nrf52840.o [1]
  .text              ro code        0x5f2     0x2  iar_startup_nrf52840.o [1]
  .text              ro code        0x5f4     0x2  iar_startup_nrf52840.o [1]
  .text              ro code        0x5f6     0x2  iar_startup_nrf52840.o [1]
  .text              ro code        0x5f8     0x2  iar_startup_nrf52840.o [1]
  .text              ro code        0x5fa     0x2  iar_startup_nrf52840.o [1]
  .text              ro code        0x5fc     0x2  iar_startup_nrf52840.o [1]
  .text              ro code        0x5fe     0x2  iar_startup_nrf52840.o [1]
  .text              ro code        0x600     0x2  iar_startup_nrf52840.o [1]
  .text              ro code        0x602     0x2  iar_startup_nrf52840.o [1]
  .text              ro code        0x604     0x2  iar_startup_nrf52840.o [1]
  .text              ro code        0x606     0x2  iar_startup_nrf52840.o [1]
  .text              ro code        0x608     0x2  iar_startup_nrf52840.o [1]
  .text              ro code        0x60a     0x2  iar_startup_nrf52840.o [1]
  .text              ro code        0x60c     0x2  iar_startup_nrf52840.o [1]
  .text              ro code        0x60e     0x2  iar_startup_nrf52840.o [1]
  .text              ro code        0x610     0x2  iar_startup_nrf52840.o [1]
  .text              ro code        0x612     0x2  iar_startup_nrf52840.o [1]
  .text              ro code        0x614     0x2  iar_startup_nrf52840.o [1]
  .text              ro code        0x616     0x2  iar_startup_nrf52840.o [1]
  .text              ro code        0x618     0x2  iar_startup_nrf52840.o [1]
  .text              ro code        0x61a     0x2  iar_startup_nrf52840.o [1]
  .text              ro code        0x61c     0x2  iar_startup_nrf52840.o [1]
  .text              ro code        0x61e     0x2  iar_startup_nrf52840.o [1]
  .text              ro code        0x620     0x2  iar_startup_nrf52840.o [1]
  .text              ro code        0x622     0x2  iar_startup_nrf52840.o [1]
  .text              ro code        0x624     0x2  iar_startup_nrf52840.o [1]
  .text              ro code        0x626     0x2  iar_startup_nrf52840.o [1]
  .rodata            const          0x628     0x0  copy_init3.o [4]
                                  - 0x628   0x428

"P2", part 1 of 2:                            0x4
  P2-1                        0x2000'0000     0x4  <Init block>
    .data            inited   0x2000'0000     0x4  system_nrf52840.o [1]
                            - 0x2000'0004     0x4

"P2", part 2 of 2:                         0x2000
  CSTACK                      0x2000'0008  0x2000  <Block>
    CSTACK           uninit   0x2000'0008  0x2000  <Block tail>
                            - 0x2000'2008  0x2000

Unused ranges:

         From           To      Size
         ----           --      ----
        0x628     0xf'ffff  0xf'f9d8
  0x2000'0004  0x2000'0007       0x4
  0x2000'2008  0x2003'ffff  0x3'dff8


*******************************************************************************
*** INIT TABLE
***

          Address      Size
          -------      ----
Copy (__iar_copy_init3)
    1 source range, total size 0x4:
                0x5c4   0x4
    1 destination range, total size 0x4:
          0x2000'0000   0x4



*******************************************************************************
*** MODULE SUMMARY
***

    Module                  ro code  ro data  rw data
    ------                  -------  -------  -------
command line/config:
    -------------------------------------------------
    Total:

C:\DeviceDownload\nRF5SDK1702d674dde\nRF5_SDK_17.0.2_d674dde\examples\peripheral\blinky\pca10056\blank\iar\_build: [1]
    boards.o                    276
    iar_startup_nrf52840.o      632
    main.o                       56
    system_nrf52840.o           392        4        4
    -------------------------------------------------
    Total:                    1'356        4        4

dl7M_tlf.a: [2]
    exit.o                        4
    -------------------------------------------------
    Total:                        4

m7M_tls.a: [3]
    fpinit_M.o                   34
    -------------------------------------------------
    Total:                       34

rt7M_tl.a: [4]
    XXexit.o                     12
    cexit.o                      10
    cmain.o                      30
    copy_init3.o                 46
    cstartup_M.o                 12
    data_init.o                  40
    -------------------------------------------------
    Total:                      150

    Gaps                          6        2
    Linker created                        20    8'192
-----------------------------------------------------
    Grand Total:              1'550       26    8'196


*******************************************************************************
*** ENTRY LIST
***

Entry                       Address   Size  Type      Object
-----                       -------   ----  ----      ------
.iar.init_table$$Base         0x554          --   Gb  - Linker created -
.iar.init_table$$Limit        0x568          --   Gb  - Linker created -
?main                         0x56d         Code  Gb  cmain.o [4]
CSTACK$$Base            0x2000'0008          --   Gb  - Linker created -
CSTACK$$Limit           0x2000'2008          --   Gb  - Linker created -
Region$$Table$$Base           0x554          --   Gb  - Linker created -
Region$$Table$$Limit          0x568          --   Gb  - Linker created -
SystemCoreClock         0x2000'0000    0x4  Data  Gb  system_nrf52840.o [1]
SystemInit                    0x201  0x134  Code  Gb  system_nrf52840.o [1]
__ICFEDIT_region_RAM_end__ {Abs}
                        0x2003'ffff         Data  Gb  <internal module>
__ICFEDIT_region_RAM_start__ {Abs}
                        0x2000'0000         Data  Gb  <internal module>
__Vectors                       0x0          --   Gb  iar_startup_nrf52840.o [1]
__Vectors_End                 0x200         Data  Gb  iar_startup_nrf52840.o [1]
__Vectors_Size {Abs}          0x200          --   Gb  iar_startup_nrf52840.o [1]
__cmain                       0x56d         Code  Gb  cmain.o [4]
__exit                        0x59d         Code  Gb  XXexit.o [4]
__iar_copy_init3              0x4d9   0x2e  Code  Gb  copy_init3.o [4]
__iar_data_init3              0x509   0x28  Code  Gb  data_init.o [4]
__iar_init_vfp                0x531         Code  Gb  fpinit_M.o [3]
__iar_program_start           0x5b9         Code  Gb  cstartup_M.o [4]
__vector_table                  0x0         Data  Gb  iar_startup_nrf52840.o [1]
_call_main                    0x579         Code  Gb  cmain.o [4]
_exit                         0x591         Code  Gb  cexit.o [4]
_main                         0x587         Code  Gb  cmain.o [4]
bsp_board_init                0x449   0x4c  Code  Gb  boards.o [1]
bsp_board_led_invert          0x419   0x2a  Code  Gb  boards.o [1]
bsp_board_led_off             0x3fd    0x8  Code  Gb  boards.o [1]
bsp_board_leds_off            0x405   0x12  Code  Gb  boards.o [1]
exit                          0x58b    0x4  Code  Gb  exit.o [2]
m_board_btn_list              0x498    0x4  Data  Lc  boards.o [1]
m_board_led_list              0x494    0x4  Data  Lc  boards.o [1]
main                          0x4a1   0x2c  Code  Gb  main.o [1]
nrf_gpio_cfg                  0x39f   0x34  Code  Lc  boards.o [1]
nrf_gpio_pin_port_decode
                              0x389   0x16  Code  Lc  boards.o [1]
nrf_gpio_pin_write            0x3d3   0x28  Code  Lc  boards.o [1]
nrfx_coredep_delay_us::delay_machine_code
                              0x4d0    0x8  Data  Lc  main.o [1]


[1] = C:\DeviceDownload\nRF5SDK1702d674dde\nRF5_SDK_17.0.2_d674dde\examples\peripheral\blinky\pca10056\blank\iar\_build
[2] = dl7M_tlf.a
[3] = m7M_tls.a
[4] = rt7M_tl.a

  1'550 bytes of readonly  code memory
     26 bytes of readonly  data memory
  8'196 bytes of readwrite data memory

Errors: none
Warnings: none
